nohup: ignoring input
[b] 28q ne=14 layers=4 gates=52 params=104  FCI(elec)=-30.428293310481422  ecore=-1255.903136
[FastEnergy] 28q ne=14 dets=3432x3432=11,778,624 / 268,435,456  endian=little
[init] resume from vqe_b_28q_L4.npz
[init] E=-30.32704356  (total -1286.23017907)  ΔFCI=265.831 kJ/mol  (6.15s/eval → 1 gradient ≈ 10.8 min)
  iter    1  nfev=   315  E_best=-30.32738093    32.2 min  ΔFCI= 264.945 kJ/mol
  iter    2  nfev=   420  E_best=-30.32788860    42.8 min  ΔFCI= 263.613 kJ/mol
  iter    3  nfev=   630  E_best=-30.32812369    64.1 min  ΔFCI= 262.995 kJ/mol
  iter    4  nfev=   735  E_best=-30.32877348    74.7 min  ΔFCI= 261.289 kJ/mol
  iter    5  nfev=   840  E_best=-30.32888911    85.4 min  ΔFCI= 260.986 kJ/mol
  iter    6  nfev=   945  E_best=-30.32898507    96.0 min  ΔFCI= 260.734 kJ/mol
  iter    7  nfev=  1050  E_best=-30.32906145   106.7 min  ΔFCI= 260.533 kJ/mol
  iter    8  nfev=  1155  E_best=-30.32919499   117.3 min  ΔFCI= 260.183 kJ/mol
  iter    9  nfev=  1260  E_best=-30.32937146   128.1 min  ΔFCI= 259.719 kJ/mol
  iter   10  nfev=  1365  E_best=-30.32944755   138.7 min  ΔFCI= 259.520 kJ/mol
  iter   11  nfev=  1470  E_best=-30.32946594   149.2 min  ΔFCI= 259.471 kJ/mol
  iter   12  nfev=  1575  E_best=-30.32947048   159.7 min  ΔFCI= 259.459 kJ/mol
  iter   13  nfev=  1680  E_best=-30.32947164   170.6 min  ΔFCI= 259.456 kJ/mol
  iter   14  nfev=  1785  E_best=-30.32947745   181.4 min  ΔFCI= 259.441 kJ/mol
  iter   15  nfev=  1890  E_best=-30.32948786   192.2 min  ΔFCI= 259.414 kJ/mol
  iter   16  nfev=  1995  E_best=-30.32951231   203.1 min  ΔFCI= 259.350 kJ/mol
  iter   17  nfev=  2100  E_best=-30.32954237   214.0 min  ΔFCI= 259.271 kJ/mol
  iter   18  nfev=  2205  E_best=-30.32956008   224.9 min  ΔFCI= 259.224 kJ/mol
  iter   19  nfev=  2310  E_best=-30.32957706   235.7 min  ΔFCI= 259.180 kJ/mol
  iter   20  nfev=  2415  E_best=-30.32958219   246.6 min  ΔFCI= 259.166 kJ/mol
  iter   21  nfev=  2520  E_best=-30.32958274   257.4 min  ΔFCI= 259.165 kJ/mol
  iter   22  nfev=  2625  E_best=-30.32958469   268.3 min  ΔFCI= 259.159 kJ/mol
  iter   23  nfev=  2730  E_best=-30.32958731   279.1 min  ΔFCI= 259.153 kJ/mol
  iter   24  nfev=  2835  E_best=-30.32959671   290.0 min  ΔFCI= 259.128 kJ/mol
  iter   25  nfev=  2940  E_best=-30.32961459   300.8 min  ΔFCI= 259.081 kJ/mol
  iter   26  nfev=  3150  E_best=-30.32962539   322.5 min  ΔFCI= 259.053 kJ/mol
  iter   27  nfev=  3255  E_best=-30.32964119   333.3 min  ΔFCI= 259.011 kJ/mol
  iter   28  nfev=  3360  E_best=-30.32965343   343.9 min  ΔFCI= 258.979 kJ/mol
  iter   29  nfev=  3465  E_best=-30.32965775   354.5 min  ΔFCI= 258.968 kJ/mol
  iter   30  nfev=  3570  E_best=-30.32966952   365.3 min  ΔFCI= 258.937 kJ/mol
  iter   31  nfev=  3675  E_best=-30.32967082   376.0 min  ΔFCI= 258.933 kJ/mol
  iter   32  nfev=  3780  E_best=-30.32968483   386.8 min  ΔFCI= 258.897 kJ/mol
  iter   33  nfev=  3885  E_best=-30.32968944   397.4 min  ΔFCI= 258.884 kJ/mol
  iter   34  nfev=  3990  E_best=-30.32969230   408.1 min  ΔFCI= 258.877 kJ/mol
  iter   35  nfev=  4095  E_best=-30.32969905   418.7 min  ΔFCI= 258.859 kJ/mol
  iter   36  nfev=  4200  E_best=-30.32971433   429.5 min  ΔFCI= 258.819 kJ/mol
  iter   37  nfev=  4305  E_best=-30.32972765   440.4 min  ΔFCI= 258.784 kJ/mol
  iter   38  nfev=  4410  E_best=-30.32973465   451.2 min  ΔFCI= 258.766 kJ/mol
  iter   39  nfev=  4515  E_best=-30.32974769   462.1 min  ΔFCI= 258.732 kJ/mol
  iter   40  nfev=  4620  E_best=-30.32976174   472.8 min  ΔFCI= 258.695 kJ/mol
  iter   41  nfev=  4725  E_best=-30.32978688   483.7 min  ΔFCI= 258.629 kJ/mol
  iter   42  nfev=  4830  E_best=-30.32980859   494.5 min  ΔFCI= 258.572 kJ/mol
  iter   43  nfev=  5040  E_best=-30.32981413   515.6 min  ΔFCI= 258.557 kJ/mol
  iter   44  nfev=  5145  E_best=-30.32982530   526.3 min  ΔFCI= 258.528 kJ/mol
  iter   45  nfev=  5250  E_best=-30.32982948   537.0 min  ΔFCI= 258.517 kJ/mol
  iter   46  nfev=  5355  E_best=-30.32983747   547.6 min  ΔFCI= 258.496 kJ/mol
  iter   47  nfev=  5460  E_best=-30.32985546   558.3 min  ΔFCI= 258.449 kJ/mol
  iter   48  nfev=  5565  E_best=-30.32987773   568.9 min  ΔFCI= 258.390 kJ/mol
  iter   49  nfev=  5670  E_best=-30.32989636   579.4 min  ΔFCI= 258.341 kJ/mol
  iter   50  nfev=  5775  E_best=-30.32991649   590.0 min  ΔFCI= 258.288 kJ/mol
  iter   51  nfev=  5880  E_best=-30.32993662   600.8 min  ΔFCI= 258.235 kJ/mol
  iter   52  nfev=  5985  E_best=-30.32994593   611.6 min  ΔFCI= 258.211 kJ/mol
  iter   53  nfev=  6090  E_best=-30.32996378   622.4 min  ΔFCI= 258.164 kJ/mol
  iter   54  nfev=  6195  E_best=-30.32996494   633.2 min  ΔFCI= 258.161 kJ/mol
  iter   55  nfev=  6300  E_best=-30.32996611   644.0 min  ΔFCI= 258.158 kJ/mol
  iter   56  nfev=  6405  E_best=-30.32996688   654.9 min  ΔFCI= 258.156 kJ/mol
  iter   57  nfev=  6510  E_best=-30.32996960   665.7 min  ΔFCI= 258.149 kJ/mol
  iter   58  nfev=  6615  E_best=-30.32997421   676.4 min  ΔFCI= 258.137 kJ/mol
  iter   59  nfev=  6720  E_best=-30.32998194   686.8 min  ΔFCI= 258.117 kJ/mol
  iter   60  nfev=  6825  E_best=-30.32999826   697.9 min  ΔFCI= 258.074 kJ/mol
  iter   61  nfev=  7035  E_best=-30.33000711   720.5 min  ΔFCI= 258.050 kJ/mol
  iter   62  nfev=  7140  E_best=-30.33001698   731.8 min  ΔFCI= 258.025 kJ/mol
  iter   63  nfev=  7245  E_best=-30.33002007   743.0 min  ΔFCI= 258.016 kJ/mol
  iter   64  nfev=  7350  E_best=-30.33002142   754.2 min  ΔFCI= 258.013 kJ/mol
  iter   65  nfev=  7455  E_best=-30.33002595   765.6 min  ΔFCI= 258.001 kJ/mol
  iter   66  nfev=  7560  E_best=-30.33003192   776.7 min  ΔFCI= 257.985 kJ/mol
  iter   67  nfev=  7665  E_best=-30.33004210   787.8 min  ΔFCI= 257.959 kJ/mol
  iter   68  nfev=  7875  E_best=-30.33004604   809.9 min  ΔFCI= 257.948 kJ/mol
  iter   69  nfev=  7980  E_best=-30.33005390   821.1 min  ΔFCI= 257.928 kJ/mol
  iter   70  nfev=  8085  E_best=-30.33006462   832.3 min  ΔFCI= 257.899 kJ/mol
  iter   71  nfev=  8190  E_best=-30.33007414   843.4 min  ΔFCI= 257.874 kJ/mol
  iter   72  nfev=  8295  E_best=-30.33007877   854.6 min  ΔFCI= 257.862 kJ/mol
  iter   73  nfev=  8400  E_best=-30.33008803   866.0 min  ΔFCI= 257.838 kJ/mol
  iter   74  nfev=  8505  E_best=-30.33010867   877.0 min  ΔFCI= 257.784 kJ/mol
  iter   75  nfev=  8610  E_best=-30.33013156   887.9 min  ΔFCI= 257.724 kJ/mol
  iter   76  nfev=  8715  E_best=-30.33014951   898.7 min  ΔFCI= 257.677 kJ/mol
  iter   77  nfev=  8820  E_best=-30.33016350   909.2 min  ΔFCI= 257.640 kJ/mol
  iter   78  nfev=  8925  E_best=-30.33016619   920.0 min  ΔFCI= 257.633 kJ/mol
  iter   79  nfev=  9030  E_best=-30.33017640   930.7 min  ΔFCI= 257.606 kJ/mol
  iter   80  nfev=  9135  E_best=-30.33018609   941.5 min  ΔFCI= 257.581 kJ/mol

[done] E_VQE=-30.33018609  (total -1286.23332159)  nfev=9135  941.5 min  → vqe_b_28q_L4.npz
       ΔFCI = 257.5805 kJ/mol  (chemical accuracy 4.2)
[b] 28q ne=14 layers=9 gates=117 params=234  FCI(elec)=-30.428293310481422  ecore=-1255.903136
[FastEnergy] 28q ne=14 dets=3432x3432=11,778,624 / 268,435,456  endian=little
[init] warm start from vqe_b_28q_L4.npz (4 → 9 layers, 104 → 234 params)
[init] E=-30.33018609  (total -1286.23332159)  ΔFCI=257.581 kJ/mol  (6.72s/eval → 1 gradient ≈ 26.3 min)
  iter    1  nfev=   705  E_best=-30.33018767    80.9 min  ΔFCI= 257.576 kJ/mol
  iter    2  nfev=   940  E_best=-30.33018866   107.8 min  ΔFCI= 257.574 kJ/mol
  iter    3  nfev=  1175  E_best=-30.33019538   134.4 min  ΔFCI= 257.556 kJ/mol
  iter    4  nfev=  1410  E_best=-30.33020435   161.2 min  ΔFCI= 257.533 kJ/mol
  iter    5  nfev=  1645  E_best=-30.33021633   188.2 min  ΔFCI= 257.501 kJ/mol
  iter    6  nfev=  1880  E_best=-30.33022923   215.2 min  ΔFCI= 257.467 kJ/mol
  iter    7  nfev=  2115  E_best=-30.33024573   242.0 min  ΔFCI= 257.424 kJ/mol
  iter    8  nfev=  2350  E_best=-30.33025669   269.0 min  ΔFCI= 257.395 kJ/mol
  iter    9  nfev=  2585  E_best=-30.33027522   295.8 min  ΔFCI= 257.346 kJ/mol
  iter   10  nfev=  2820  E_best=-30.33029979   322.6 min  ΔFCI= 257.282 kJ/mol
  iter   11  nfev=  3055  E_best=-30.33031846   349.7 min  ΔFCI= 257.233 kJ/mol
  iter   12  nfev=  3290  E_best=-30.33032533   377.1 min  ΔFCI= 257.215 kJ/mol
  iter   13  nfev=  3525  E_best=-30.33033132   404.1 min  ΔFCI= 257.199 kJ/mol
  iter   14  nfev=  3760  E_best=-30.33034560   430.8 min  ΔFCI= 257.162 kJ/mol
  iter   15  nfev=  3995  E_best=-30.33036406   457.6 min  ΔFCI= 257.113 kJ/mol
  iter   16  nfev=  4230  E_best=-30.33042156   484.6 min  ΔFCI= 256.962 kJ/mol
  iter   17  nfev=  4465  E_best=-30.33054158   511.4 min  ΔFCI= 256.647 kJ/mol
  iter   18  nfev=  4700  E_best=-30.33058301   538.4 min  ΔFCI= 256.538 kJ/mol
  iter   19  nfev=  4935  E_best=-30.33063186   565.5 min  ΔFCI= 256.410 kJ/mol
  iter   20  nfev=  5170  E_best=-30.33067295   592.4 min  ΔFCI= 256.302 kJ/mol
  iter   21  nfev=  5405  E_best=-30.33071416   619.4 min  ΔFCI= 256.194 kJ/mol
  iter   22  nfev=  5875  E_best=-30.33076860   673.5 min  ΔFCI= 256.051 kJ/mol
  iter   23  nfev=  6110  E_best=-30.33086704   700.0 min  ΔFCI= 255.793 kJ/mol
  iter   24  nfev=  6345  E_best=-30.33101057   725.8 min  ΔFCI= 255.416 kJ/mol
  iter   25  nfev=  6580  E_best=-30.33123389   751.7 min  ΔFCI= 254.829 kJ/mol
  iter   26  nfev=  6815  E_best=-30.33141385   777.8 min  ΔFCI= 254.357 kJ/mol
  iter   27  nfev=  7285  E_best=-30.33159324   829.6 min  ΔFCI= 253.886 kJ/mol
  iter   28  nfev=  7520  E_best=-30.33181813   855.3 min  ΔFCI= 253.296 kJ/mol
  iter   29  nfev=  7755  E_best=-30.33202308   881.2 min  ΔFCI= 252.757 kJ/mol
  iter   30  nfev=  7990  E_best=-30.33204529   906.8 min  ΔFCI= 252.699 kJ/mol
  iter   31  nfev=  8225  E_best=-30.33220374   932.5 min  ΔFCI= 252.283 kJ/mol
  iter   32  nfev=  8460  E_best=-30.33240460   958.2 min  ΔFCI= 251.756 kJ/mol
  iter   33  nfev=  8695  E_best=-30.33281128   983.8 min  ΔFCI= 250.688 kJ/mol
  iter   34  nfev=  8930  E_best=-30.33312668  1009.6 min  ΔFCI= 249.860 kJ/mol
  iter   35  nfev=  9400  E_best=-30.33322144  1061.1 min  ΔFCI= 249.611 kJ/mol
  iter   36  nfev=  9635  E_best=-30.33340224  1086.8 min  ΔFCI= 249.137 kJ/mol
  iter   37  nfev=  9870  E_best=-30.33345261  1112.5 min  ΔFCI= 249.004 kJ/mol
  iter   38  nfev= 10105  E_best=-30.33354107  1138.6 min  ΔFCI= 248.772 kJ/mol
  iter   39  nfev= 10340  E_best=-30.33364636  1164.4 min  ΔFCI= 248.496 kJ/mol
  iter   40  nfev= 10575  E_best=-30.33373724  1190.2 min  ΔFCI= 248.257 kJ/mol
  iter   41  nfev= 11045  E_best=-30.33378275  1242.2 min  ΔFCI= 248.137 kJ/mol
  iter   42  nfev= 11280  E_best=-30.33380277  1268.0 min  ΔFCI= 248.085 kJ/mol
  iter   43  nfev= 11515  E_best=-30.33382156  1293.6 min  ΔFCI= 248.036 kJ/mol
  iter   44  nfev= 11750  E_best=-30.33384775  1319.4 min  ΔFCI= 247.967 kJ/mol
  iter   45  nfev= 11985  E_best=-30.33390304  1345.2 min  ΔFCI= 247.822 kJ/mol
  iter   46  nfev= 12220  E_best=-30.33397012  1371.0 min  ΔFCI= 247.646 kJ/mol
  iter   47  nfev= 12455  E_best=-30.33398263  1396.8 min  ΔFCI= 247.613 kJ/mol
  iter   48  nfev= 12690  E_best=-30.33402558  1422.7 min  ΔFCI= 247.500 kJ/mol
  iter   49  nfev= 12925  E_best=-30.33403334  1448.4 min  ΔFCI= 247.480 kJ/mol
  iter   50  nfev= 13160  E_best=-30.33404648  1474.3 min  ΔFCI= 247.445 kJ/mol
  iter   51  nfev= 13395  E_best=-30.33405460  1500.0 min  ΔFCI= 247.424 kJ/mol
