nohup: ignoring input
[a] 28q ne=14 layers=4 gates=52 params=104  FCI(elec)=-32.519453018978766  ecore=-1217.268939
[FastEnergy] 28q ne=14 dets=3432x3432=11,778,624 / 268,435,456  endian=little
[init] E=-32.37059919  (total -1249.63953818)  ΔFCI=390.816 kJ/mol  (5.84s/eval → 1 gradient ≈ 10.2 min)
  iter    1  nfev=   315  E_best=-32.37074230    31.2 min  ΔFCI= 390.440 kJ/mol
  iter    2  nfev=   420  E_best=-32.37074675    41.7 min  ΔFCI= 390.428 kJ/mol
  iter    3  nfev=   630  E_best=-32.37074686    62.7 min  ΔFCI= 390.428 kJ/mol
  iter    4  nfev=   735  E_best=-32.37074797    73.2 min  ΔFCI= 390.425 kJ/mol
  iter    5  nfev=   840  E_best=-32.37075038    83.7 min  ΔFCI= 390.419 kJ/mol
  iter    6  nfev=   945  E_best=-32.37075750    94.2 min  ΔFCI= 390.400 kJ/mol
  iter    7  nfev=  1050  E_best=-32.37077824   104.9 min  ΔFCI= 390.346 kJ/mol
  iter    8  nfev=  1155  E_best=-32.37084146   115.4 min  ΔFCI= 390.180 kJ/mol
  iter    9  nfev=  1260  E_best=-32.37089757   125.9 min  ΔFCI= 390.032 kJ/mol
  iter   10  nfev=  1365  E_best=-32.37105536   136.4 min  ΔFCI= 389.618 kJ/mol
  iter   11  nfev=  1470  E_best=-32.37124064   147.0 min  ΔFCI= 389.132 kJ/mol
  iter   12  nfev=  1680  E_best=-32.37125617   168.0 min  ΔFCI= 389.091 kJ/mol
  iter   13  nfev=  1785  E_best=-32.37125774   178.3 min  ΔFCI= 389.087 kJ/mol
  iter   14  nfev=  1890  E_best=-32.37125923   188.5 min  ΔFCI= 389.083 kJ/mol
  iter   15  nfev=  1995  E_best=-32.37125996   198.7 min  ΔFCI= 389.081 kJ/mol
  iter   16  nfev=  2100  E_best=-32.37126500   209.2 min  ΔFCI= 389.068 kJ/mol
  iter   17  nfev=  2205  E_best=-32.37127216   219.6 min  ΔFCI= 389.049 kJ/mol
  iter   18  nfev=  2310  E_best=-32.37128082   230.0 min  ΔFCI= 389.026 kJ/mol
  iter   19  nfev=  2415  E_best=-32.37129110   240.4 min  ΔFCI= 388.999 kJ/mol
  iter   20  nfev=  2520  E_best=-32.37130317   250.7 min  ΔFCI= 388.967 kJ/mol
  iter   21  nfev=  2625  E_best=-32.37130707   261.1 min  ΔFCI= 388.957 kJ/mol
  iter   22  nfev=  2730  E_best=-32.37132139   271.2 min  ΔFCI= 388.920 kJ/mol
  iter   23  nfev=  2940  E_best=-32.37135184   291.9 min  ΔFCI= 388.840 kJ/mol
  iter   24  nfev=  3150  E_best=-32.37136547   312.6 min  ΔFCI= 388.804 kJ/mol
  iter   25  nfev=  3360  E_best=-32.37140348   333.5 min  ΔFCI= 388.704 kJ/mol
  iter   26  nfev=  3465  E_best=-32.37146694   344.0 min  ΔFCI= 388.537 kJ/mol
  iter   27  nfev=  3675  E_best=-32.37147920   365.1 min  ΔFCI= 388.505 kJ/mol
  iter   28  nfev=  3780  E_best=-32.37157116   375.4 min  ΔFCI= 388.264 kJ/mol
  iter   29  nfev=  3885  E_best=-32.37165714   385.8 min  ΔFCI= 388.038 kJ/mol
  iter   30  nfev=  3990  E_best=-32.37173168   396.4 min  ΔFCI= 387.842 kJ/mol
  iter   31  nfev=  4095  E_best=-32.37176047   406.9 min  ΔFCI= 387.767 kJ/mol
  iter   32  nfev=  4200  E_best=-32.37176682   417.4 min  ΔFCI= 387.750 kJ/mol
  iter   33  nfev=  4305  E_best=-32.37177770   427.7 min  ΔFCI= 387.722 kJ/mol
  iter   34  nfev=  4410  E_best=-32.37179739   438.0 min  ΔFCI= 387.670 kJ/mol
  iter   35  nfev=  4515  E_best=-32.37187200   448.3 min  ΔFCI= 387.474 kJ/mol
  iter   36  nfev=  4620  E_best=-32.37212038   458.6 min  ΔFCI= 386.822 kJ/mol
  iter   37  nfev=  4725  E_best=-32.37233466   468.9 min  ΔFCI= 386.259 kJ/mol
  iter   38  nfev=  4935  E_best=-32.37251724   489.4 min  ΔFCI= 385.780 kJ/mol
  iter   39  nfev=  5040  E_best=-32.37255671   500.1 min  ΔFCI= 385.676 kJ/mol
  iter   40  nfev=  5145  E_best=-32.37259443   510.6 min  ΔFCI= 385.577 kJ/mol
  iter   41  nfev=  5250  E_best=-32.37261996   521.2 min  ΔFCI= 385.510 kJ/mol
  iter   42  nfev=  5355  E_best=-32.37268211   531.7 min  ΔFCI= 385.347 kJ/mol
  iter   43  nfev=  5460  E_best=-32.37273727   542.4 min  ΔFCI= 385.202 kJ/mol
  iter   44  nfev=  5565  E_best=-32.37277859   553.0 min  ΔFCI= 385.094 kJ/mol
  iter   45  nfev=  5670  E_best=-32.37279852   563.7 min  ΔFCI= 385.041 kJ/mol
  iter   46  nfev=  5775  E_best=-32.37281400   574.2 min  ΔFCI= 385.001 kJ/mol
  iter   47  nfev=  5880  E_best=-32.37286111   584.8 min  ΔFCI= 384.877 kJ/mol
  iter   48  nfev=  5985  E_best=-32.37296958   595.2 min  ΔFCI= 384.592 kJ/mol
  iter   49  nfev=  6090  E_best=-32.37318810   605.5 min  ΔFCI= 384.019 kJ/mol
  iter   50  nfev=  6195  E_best=-32.37347104   615.8 min  ΔFCI= 383.276 kJ/mol
  iter   51  nfev=  6300  E_best=-32.37386271   626.1 min  ΔFCI= 382.247 kJ/mol
  iter   52  nfev=  6510  E_best=-32.37392466   646.6 min  ΔFCI= 382.085 kJ/mol
  iter   53  nfev=  6615  E_best=-32.37427624   656.9 min  ΔFCI= 381.162 kJ/mol
  iter   54  nfev=  6720  E_best=-32.37441655   667.1 min  ΔFCI= 380.793 kJ/mol
  iter   55  nfev=  6825  E_best=-32.37445267   677.6 min  ΔFCI= 380.698 kJ/mol
  iter   56  nfev=  6930  E_best=-32.37450088   688.3 min  ΔFCI= 380.572 kJ/mol
  iter   57  nfev=  7035  E_best=-32.37460525   699.1 min  ΔFCI= 380.298 kJ/mol
  iter   58  nfev=  7140  E_best=-32.37465049   710.2 min  ΔFCI= 380.179 kJ/mol
  iter   59  nfev=  7245  E_best=-32.37469625   721.1 min  ΔFCI= 380.059 kJ/mol
  iter   60  nfev=  7350  E_best=-32.37491283   732.3 min  ΔFCI= 379.490 kJ/mol
  iter   61  nfev=  7455  E_best=-32.37508175   743.5 min  ΔFCI= 379.047 kJ/mol
  iter   62  nfev=  7665  E_best=-32.37524569   765.5 min  ΔFCI= 378.616 kJ/mol
  iter   63  nfev=  7770  E_best=-32.37566709   776.4 min  ΔFCI= 377.510 kJ/mol
  iter   64  nfev=  7875  E_best=-32.37601642   787.4 min  ΔFCI= 376.593 kJ/mol
  iter   65  nfev=  8085  E_best=-32.37608783   809.1 min  ΔFCI= 376.405 kJ/mol
  iter   66  nfev=  8190  E_best=-32.37613776   819.7 min  ΔFCI= 376.274 kJ/mol
  iter   67  nfev=  8295  E_best=-32.37620366   830.4 min  ΔFCI= 376.101 kJ/mol
  iter   68  nfev=  8400  E_best=-32.37643681   841.0 min  ΔFCI= 375.489 kJ/mol
  iter   69  nfev=  8505  E_best=-32.37647148   851.7 min  ΔFCI= 375.398 kJ/mol
  iter   70  nfev=  8610  E_best=-32.37665855   862.7 min  ΔFCI= 374.907 kJ/mol
  iter   71  nfev=  8715  E_best=-32.37670042   873.7 min  ΔFCI= 374.797 kJ/mol
  iter   72  nfev=  8820  E_best=-32.37671986   884.5 min  ΔFCI= 374.746 kJ/mol
  iter   73  nfev=  8925  E_best=-32.37674533   895.4 min  ΔFCI= 374.679 kJ/mol
  iter   74  nfev=  9030  E_best=-32.37692419   905.9 min  ΔFCI= 374.209 kJ/mol
  iter   75  nfev=  9135  E_best=-32.37711215   916.3 min  ΔFCI= 373.716 kJ/mol
  iter   76  nfev=  9240  E_best=-32.37737936   926.6 min  ΔFCI= 373.014 kJ/mol
  iter   77  nfev=  9450  E_best=-32.37762049   947.2 min  ΔFCI= 372.381 kJ/mol
  iter   78  nfev=  9660  E_best=-32.37777630   967.7 min  ΔFCI= 371.972 kJ/mol
  iter   79  nfev=  9870  E_best=-32.37783014   988.2 min  ΔFCI= 371.831 kJ/mol
  iter   80  nfev=  9975  E_best=-32.37789118   998.5 min  ΔFCI= 371.671 kJ/mol

[done] E_VQE=-32.37789118  (total -1249.64683018)  nfev=9975  998.5 min  → vqe_a_28q_L4.npz
       ΔFCI = 371.6706 kJ/mol  (chemical accuracy 4.2)
[a] 28q ne=14 layers=9 gates=117 params=234  FCI(elec)=-32.519453018978766  ecore=-1217.268939
[FastEnergy] 28q ne=14 dets=3432x3432=11,778,624 / 268,435,456  endian=little
[init] warm start from vqe_a_28q_L4.npz (4 → 9 layers, 104 → 234 params)
[init] E=-32.37789119  (total -1249.64683018)  ΔFCI=371.671 kJ/mol  (6.25s/eval → 1 gradient ≈ 24.5 min)
  iter    1  nfev=   705  E_best=-32.37792438    75.6 min  ΔFCI= 371.583 kJ/mol
  iter    2  nfev=   940  E_best=-32.37793902   101.0 min  ΔFCI= 371.545 kJ/mol
  iter    3  nfev=  1175  E_best=-32.37796748   126.0 min  ΔFCI= 371.470 kJ/mol
  iter    4  nfev=  1410  E_best=-32.37802896   150.9 min  ΔFCI= 371.309 kJ/mol
  iter    5  nfev=  1645  E_best=-32.37818939   175.8 min  ΔFCI= 370.888 kJ/mol
  iter    6  nfev=  1880  E_best=-32.37854083   200.8 min  ΔFCI= 369.965 kJ/mol
  iter    7  nfev=  2115  E_best=-32.37906398   225.7 min  ΔFCI= 368.591 kJ/mol
  iter    8  nfev=  2585  E_best=-32.37918025   275.8 min  ΔFCI= 368.286 kJ/mol
  iter    9  nfev=  2820  E_best=-32.37959439   301.0 min  ΔFCI= 367.199 kJ/mol
  iter   10  nfev=  3055  E_best=-32.37989332   327.3 min  ΔFCI= 366.414 kJ/mol
  iter   11  nfev=  3290  E_best=-32.37999342   354.6 min  ΔFCI= 366.151 kJ/mol
  iter   12  nfev=  3525  E_best=-32.38011732   381.7 min  ΔFCI= 365.826 kJ/mol
  iter   13  nfev=  3760  E_best=-32.38041099   409.2 min  ΔFCI= 365.055 kJ/mol
  iter   14  nfev=  4230  E_best=-32.38063009   464.0 min  ΔFCI= 364.480 kJ/mol
  iter   15  nfev=  4465  E_best=-32.38089303   491.3 min  ΔFCI= 363.789 kJ/mol
  iter   16  nfev=  4700  E_best=-32.38119198   518.6 min  ΔFCI= 363.004 kJ/mol
  iter   17  nfev=  4935  E_best=-32.38139496   545.8 min  ΔFCI= 362.471 kJ/mol
  iter   18  nfev=  5170  E_best=-32.38155674   573.0 min  ΔFCI= 362.047 kJ/mol
  iter   19  nfev=  5405  E_best=-32.38174660   600.7 min  ΔFCI= 361.548 kJ/mol
  iter   20  nfev=  5640  E_best=-32.38203452   627.5 min  ΔFCI= 360.792 kJ/mol
  iter   21  nfev=  5875  E_best=-32.38231915   653.4 min  ΔFCI= 360.045 kJ/mol
  iter   22  nfev=  6110  E_best=-32.38247274   678.9 min  ΔFCI= 359.642 kJ/mol
  iter   23  nfev=  6345  E_best=-32.38250235   704.7 min  ΔFCI= 359.564 kJ/mol
  iter   24  nfev=  6580  E_best=-32.38252175   730.7 min  ΔFCI= 359.513 kJ/mol
  iter   25  nfev=  6815  E_best=-32.38257207   756.5 min  ΔFCI= 359.381 kJ/mol
  iter   26  nfev=  7050  E_best=-32.38262537   782.1 min  ΔFCI= 359.241 kJ/mol
  iter   27  nfev=  7285  E_best=-32.38272155   807.6 min  ΔFCI= 358.988 kJ/mol
  iter   28  nfev=  7520  E_best=-32.38301543   833.3 min  ΔFCI= 358.217 kJ/mol
  iter   29  nfev=  7755  E_best=-32.38319531   859.0 min  ΔFCI= 357.745 kJ/mol
  iter   30  nfev=  7990  E_best=-32.38332291   884.6 min  ΔFCI= 357.410 kJ/mol
  iter   31  nfev=  8225  E_best=-32.38345110   910.2 min  ΔFCI= 357.073 kJ/mol
  iter   32  nfev=  8460  E_best=-32.38348913   935.9 min  ΔFCI= 356.973 kJ/mol
  iter   33  nfev=  8695  E_best=-32.38352444   961.7 min  ΔFCI= 356.880 kJ/mol
  iter   34  nfev=  8930  E_best=-32.38357065   987.4 min  ΔFCI= 356.759 kJ/mol
  iter   35  nfev=  9165  E_best=-32.38364271  1013.2 min  ΔFCI= 356.570 kJ/mol
  iter   36  nfev=  9400  E_best=-32.38375829  1038.9 min  ΔFCI= 356.267 kJ/mol
  iter   37  nfev=  9635  E_best=-32.38386838  1064.7 min  ΔFCI= 355.977 kJ/mol
  iter   38  nfev=  9870  E_best=-32.38393350  1090.5 min  ΔFCI= 355.806 kJ/mol
  iter   39  nfev= 10105  E_best=-32.38399372  1116.1 min  ΔFCI= 355.648 kJ/mol
  iter   40  nfev= 10340  E_best=-32.38410289  1141.9 min  ΔFCI= 355.362 kJ/mol
  iter   41  nfev= 10575  E_best=-32.38444060  1167.7 min  ΔFCI= 354.475 kJ/mol
  iter   42  nfev= 10810  E_best=-32.38463284  1193.5 min  ΔFCI= 353.970 kJ/mol
  iter   43  nfev= 11045  E_best=-32.38479629  1219.2 min  ΔFCI= 353.541 kJ/mol
  iter   44  nfev= 11280  E_best=-32.38486673  1244.7 min  ΔFCI= 353.356 kJ/mol
  iter   45  nfev= 11515  E_best=-32.38492217  1270.3 min  ΔFCI= 353.211 kJ/mol
  iter   46  nfev= 11750  E_best=-32.38497449  1296.0 min  ΔFCI= 353.073 kJ/mol
  iter   47  nfev= 11985  E_best=-32.38506542  1321.8 min  ΔFCI= 352.835 kJ/mol
  iter   48  nfev= 12220  E_best=-32.38513047  1347.4 min  ΔFCI= 352.664 kJ/mol
  iter   49  nfev= 12690  E_best=-32.38517359  1398.9 min  ΔFCI= 352.551 kJ/mol
  iter   50  nfev= 12925  E_best=-32.38523997  1424.5 min  ΔFCI= 352.376 kJ/mol
  iter   51  nfev= 13160  E_best=-32.38528752  1450.4 min  ΔFCI= 352.252 kJ/mol
