Discarded 12 diffused primitive functions, 12 contracted functions
#INFO: **** input file is /home/seyoung/mof-co2-quantum/scripts/pbc_hf_mof.py ****
"""
주기 HF (Γ점, GDF) — 216/219원자 MOF 계.
사용: OMP_NUM_THREADS=24 python scripts/pbc_hf_mof.py <name> <basis>
  name : a_MOF | b_MOF_CO2_bound | c_MOF_CO2_free | d_CO2_box
  basis: gth-szv | gth-dzvp
결과: calc/pbc_hf/<name>_<basis>.chk (오비탈 저장, 뒤 단계에서 재사용), 같은 이름 .log
"""
import sys, os, time
from ase.io import read
from pyscf.pbc import gto, scf
from pyscf import lib

name, basis = sys.argv[1], sys.argv[2]
os.makedirs("calc/pbc_hf", exist_ok=True)
tag = f"calc/pbc_hf/{name}_{basis}"

atoms = read(f"structures/02_relaxed/{name}_relaxed.cif")
cell = gto.Cell()
cell.atom = [(s, tuple(p)) for s, p in zip(atoms.get_chemical_symbols(), atoms.positions)]
cell.a = atoms.cell[:]
cell.unit = "Angstrom"
cell.basis = basis
cell.pseudo = "gth-pbe"
cell.exp_to_discard = 0.1
cell.verbose = 4
cell.output = tag + ".log"
cell.max_memory = 100000               # MB (워크스테이션 125 GB 중 100 GB)
cell.build()
print(f"{name} {basis}: 원자 {cell.natm}, 기저함수 {cell.nao}, 전자 {cell.nelectron}, 스레드 {lib.num_threads()}")

t0 = time.time()
mf = scf.RHF(cell).density_fit()
mf.with_df._cderi_to_save = tag + "_cderi.h5"   # 3중심 적분을 디스크에
mf.chkfile = tag + ".chk"
mf.conv_tol = 1e-7
mf.max_cycle = 100
mf.diis_space = 10
e_hf = mf.kernel()
dt = time.time() - t0
print(f"HF = {e_hf:.8f} Ha   converged={mf.converged}   {dt/60:.1f} min")
print(f"HOMO-LUMO gap = {(mf.mo_energy[cell.nelectron//2]-mf.mo_energy[cell.nelectron//2-1])*27.2114:.2f} eV")
with open("calc/pbc_hf/summary.txt", "a") as f:
    f.write(f"{name}\t{basis}\tnao={cell.nao}\tE={e_hf:.8f}\tconv={mf.converged}\t{dt/60:.1f}min\n")#INFO: ******************** input file end ********************


System: uname_result(system='Linux', node='stl-Precision-7920-Tower', release='6.17.0-35-generic', version='#35~24.04.1-Ubuntu SMP PREEMPT_DYNAMIC Tue May 26 19:30:42 UTC 2', machine='x86_64')  Threads 24
Python 3.11.16 (main, Aug 27 2026, 14:44:21) [GCC 14.3.0]
numpy 2.4.6  scipy 1.17.1  h5py 3.16.0
Date: Thu Sep 17 21:28:04 2026
PySCF version 2.14.0
PySCF path  /home/seyoung/miniconda3/envs/mof/lib/python3.11/site-packages/pyscf

[CONFIG] conf_file None
[INPUT] verbose = 4
[INPUT] num. atoms = 216
[INPUT] num. electrons = 642
[INPUT] charge = 0
[INPUT] spin (= nelec alpha-beta = 2S) = 0
[INPUT] symmetry False subgroup None
[INPUT] Mole.unit = Angstrom
[INPUT] Symbol           X                Y                Z      unit          X                Y                Z       unit  Magmom
[INPUT]  1 Mg    10.229237871100   5.427562636700   5.827539972700 AA   19.330458039408  10.256606907285  11.012454528358 Bohr   0.0
[INPUT]  2 Mg    12.138643940600   6.144998539400   1.154699972700 AA   22.938712571345  11.612364275318   2.182066704446 Bohr   0.0
[INPUT]  3 Mg    10.562623188500   7.439874750300   3.491119972700 AA   19.960464983245  14.059325679134   6.597260616402 Bohr   0.0
[INPUT]  4 Mg    -0.747597128900  13.584873289600   5.854560027300 AA   -1.412753825132  25.671689954263  11.063515031423 Bohr   0.0
[INPUT]  5 Mg    -0.414211811500  11.572561176000   1.181720027300 AA   -0.782746881295  21.868971182415   2.233127207511 Bohr   0.0
[INPUT]  6 Mg     1.161808940600  12.867437386900   3.518140027300 AA    2.195500706805  24.315932586230   6.648321119467 Bohr   0.0
[INPUT]  7 O     11.448117807200   4.458901212600   0.178974486700 AA   21.633807297364   8.426102108305   0.338212763148 Bohr   0.0
[INPUT]  8 O     12.368089373400   7.684910240300   2.515394486700 AA   23.372301599870  14.522375646032   4.753406675104 Bohr   0.0
[INPUT]  9 O      9.114297819400   6.868624473400   4.851814486700 AA   17.223526696387  12.979819107211   9.168600587060 Bohr   0.0
[INPUT] 10 O      0.471282807300  14.553534713700   4.493865513300 AA    0.890595433013  27.502194753243   8.492175060765 Bohr   0.0
[INPUT] 11 O     -1.862537180600  12.143811452900   6.830285513300 AA   -3.519685168154  22.948477754338  12.907368972721 Bohr   0.0
[INPUT] 12 O      1.391254373400  11.327525686000   2.157445513300 AA    2.629089735329  21.405921215516   4.076981148809 Bohr   0.0
[INPUT] 13 O     10.815702107000   5.480979931900   2.653929693800 AA   20.438714827111  10.357550965528   5.015200275133 Bohr   0.0
[INPUT] 14 O     11.799151087900   6.626182818500   4.990349693800 AA   22.297164058495  12.521670778264   9.430394187089 Bohr   0.0
[INPUT] 15 O     10.315651805200   6.905273175900   0.317509693800 AA   19.493756708203  13.049075117757   0.600006363177 Bohr   0.0
[INPUT] 16 O     -0.161132893000  13.531455994400   2.018910306200 AA   -0.304497037429  25.570745896020   3.815187548780 Bohr   0.0
[INPUT] 17 O     -0.661183194800  12.107162750400   4.355330306200 AA   -1.249455156337  22.879221743792   8.230381460736 Bohr   0.0
[INPUT] 18 O      0.822316087900  12.386253107800   6.691750306200 AA    1.553952193955  23.406626083285  12.645575372692 Bohr   0.0
[INPUT] 19 O     10.232815683100   4.056416317100   4.281916366300 AA   19.337219124213   7.665515886536   8.091649220600 Bohr   0.0
[INPUT] 20 O     13.324302579600   6.833670175300   6.618336366300 AA   25.179282676280  12.913765056926  12.506843132556 Bohr   0.0
[INPUT] 21 O      9.373386737400   8.122349434000   1.945496366300 AA   17.713133793316  15.349015918276   3.676455308644 Bohr   0.0
[INPUT] 22 O     -0.744019316900  14.956019609200   0.390923633700 AA   -1.405992740327  28.262780975013   0.738738603313 Bohr   0.0
[INPUT] 23 O     -1.603448262600  10.890086492300   2.727343633700 AA   -3.030078071224  20.579280943272   5.153932515269 Bohr   0.0
[INPUT] 24 O      2.347467579600  12.178765751000   5.063763633700 AA    4.436070811740  23.014531804623   9.569126427225 Bohr   0.0
[INPUT] 25 H     10.570635944200   1.758585644100   3.776093211800 AA   19.975606897021   3.323245233941   7.135781991131 Bohr   0.0
[INPUT] 26 H     15.145372185400   8.275146439800   6.112513211800 AA   28.620605485011  15.637760411892  11.550975903088 Bohr   0.0
[INPUT] 27 H      7.214496870400   8.978703842400   1.439673211800 AA   13.633423211588  16.967291215716   2.720588079175 Bohr   0.0
[INPUT] 28 H     -0.406199055800  17.253850282200   0.896746788200 AA   -0.767604967519  32.605051627608   1.694605832781 Bohr   0.0
[INPUT] 29 H     -3.762338129600  10.033732083900   3.233166788200 AA   -7.109788652952  18.961005645832   6.109799744738 Bohr   0.0
[INPUT] 30 H      4.168537185400  10.737289486500   5.569586788200 AA    7.877393620471  20.290536449657  10.524993656694 Bohr   0.0
[INPUT] 31 H      0.805886931400  18.979527695500   0.062048123800 AA    1.522905587712  35.866109318092   0.117253960525 Bohr   0.0
[INPUT] 32 H     -5.862861601800  10.220590633700   2.398468123800 AA  -11.079202733631  19.314117128988   4.532447872481 Bohr   0.0
[INPUT] 33 H      5.056974670500   8.824753523400   4.734888123800 AA    9.556297146108  16.676367276017   8.947641784438 Bohr   0.0
[INPUT] 34 H     11.782721931300   0.032908230800   4.610791876200 AA   22.266117452063   0.062187543456   8.713133863387 Bohr   0.0
[INPUT] 35 H     16.033809670500  10.187682402900   6.947211876200 AA   30.299509010648  19.251929585532  13.128327775344 Bohr   0.0
[INPUT] 36 H      5.113973398200   8.791845292600   2.274371876200 AA    9.664009130909  16.614179732561   4.297939951431 Bohr   0.0
[INPUT] 37 H     11.878573933400   2.207846659800   6.041249119800 AA   22.447251484524   4.172225512058  11.416306286692 Bohr   0.0
[INPUT] 38 H     14.102331738300   9.183223457300   1.368409119800 AA   26.649544703149  17.353777274978   2.585918462779 Bohr   0.0
[INPUT] 39 H      6.949599328300   7.621365809300   3.704829119800 AA   13.132839405948  14.402294074701   7.001112374735 Bohr   0.0
[INPUT] 40 H      0.901738933500  16.804589266500   5.640850880200 AA    1.704039620172  31.756071349491  10.659663273090 Bohr   0.0
[INPUT] 41 H     -4.027235671700  11.391070117000   0.968010880200 AA   -7.610372458592  21.526002786847   1.829275449177 Bohr   0.0
[INPUT] 42 H      3.125496738300   9.829212469000   3.304430880200 AA    5.906332838608  18.574519586570   6.244469361133 Bohr   0.0
[INPUT] 43 H      2.722727643800  15.547794115700   1.478554596000 AA    5.145209558564  29.381072719797   2.794063246657 Bohr   0.0
[INPUT] 44 H     -3.849313498900  13.596490175600   3.814974596000 AA   -7.274148280512  25.693642687224   7.209257158613 Bohr   0.0
[INPUT] 45 H      1.126585855200   8.880587561300   6.151394596000 AA    2.128938722137  16.781878316076  11.624451070570 Bohr   0.0
[INPUT] 46 H     13.699562643800   3.464641810600   3.194285404000 AA   25.888421423104   6.547224141751   6.036324577256 Bohr   0.0
[INPUT] 47 H     12.103420855100  10.131848365000   5.530705404000 AA   22.872150586488  19.146418545472  10.451518489212 Bohr   0.0
[INPUT] 48 H      7.127521501100   5.415945750700   0.857865404000 AA   13.469063584028  10.234654174325   1.621130665299 Bohr   0.0
[INPUT] 49 H      3.620826271500  14.150108678700   5.898436458300 AA    6.842369997765  26.739830035574  11.146429469337 Bohr   0.0
[INPUT] 50 H     -3.087931717800  15.073109120700   1.225596458300 AA   -5.835345238000  28.484048083807   2.316041645424 Bohr   0.0
[INPUT] 51 H     -0.532894553700   8.801654053100   3.562016458300 AA   -1.007024759765  16.632715603527   6.731235557380 Bohr   0.0
[INPUT] 52 H     14.597661271500   4.862327247600   5.783663541700 AA   27.585581862305   9.188466825974  10.929540090445 Bohr   0.0
[INPUT] 53 H     10.443940446300  10.210781873200   1.110823541700 AA   19.736187104775  19.295581258021   2.099152266532 Bohr   0.0
[INPUT] 54 H      7.888903282200   3.939326805600   3.447243541700 AA   14.907866626540   7.444248777742   6.514346178489 Bohr   0.0
[INPUT] 55 H      6.002000641700  13.641415605000   5.625992156200 AA   11.342137412277  25.778539444818  10.631584354169 Bohr   0.0
[INPUT] 56 H     -3.837977778300  17.389613153100   0.953152156200 AA   -7.252726873154  32.861606271493   1.801196530257 Bohr   0.0
[INPUT] 57 H     -2.164022863300   6.993843094500   3.289572156200 AA   -4.089410538934  13.216448006786   6.216390442213 Bohr   0.0
[INPUT] 58 H     16.978835641700   5.371020321300   6.056107843800 AA   32.085349276817  10.149757416730  11.444385205612 Bohr   0.0
[INPUT] 59 H      8.812812136700  12.018592831800   1.383267843800 AA   16.653801325606  22.711848854763   2.613997381700 Bohr   0.0
[INPUT] 60 H      7.138857221600   1.622822773200   3.719687843800 AA   13.490484991197   3.066690590055   7.029191293656 Bohr   0.0
[INPUT] 61 H      5.401906188500  14.902156097600   4.535787592700 AA   10.208123246858  28.160993689981   8.571396309403 Bohr   0.0
[INPUT] 62 H     -4.629763845900  16.239545865600   6.872207592700 AA   -8.748985690164  30.688294073297  12.986590221360 Bohr   0.0
[INPUT] 63 H     -0.772142342500   6.883169889400   2.199367592700 AA   -1.459137556505  13.007305959819   4.156202397447 Bohr   0.0
[INPUT] 64 H     16.378741188500   4.110279828700   0.137052407300 AA   30.951335111398   7.767303171567   0.258991514509 Bohr   0.0
[INPUT] 65 H     10.204692657500  12.129266036900   2.473472407300 AA   19.284074308035  22.920990901730   4.674185426466 Bohr   0.0
[INPUT] 66 H      6.347071154100   2.772890060700   4.809892407300 AA   11.994226174376   5.240002788252   9.089379338422 Bohr   0.0
[INPUT] 67 H      5.033044765200  16.429225370700   1.373227141600 AA    9.511076178904  31.046736389379   2.595023204443 Bohr   0.0
[INPUT] 68 H     -5.767813918000  15.156567865900   3.709647141600 AA  -10.899588642475  28.641762254935   7.010217116400 Bohr   0.0
[INPUT] 69 H      0.734769152900   6.439078616000   6.046067141600 AA    1.388512463760  12.168095078783  11.425411028356 Bohr   0.0
[INPUT] 70 H     16.009879765100   2.583210555600   3.299612858400 AA   30.254288043255   4.881560472170   6.235364619469 Bohr   0.0
[INPUT] 71 H     11.711604152900  12.573357310300   5.636032858400 AA   22.131724328300  23.760201782765  10.650558531426 Bohr   0.0
[INPUT] 72 H      5.209021082000   3.855868060400   0.963192858400 AA    9.843623222066   7.286534606614   1.820170707513 Bohr   0.0
[INPUT] 73 H      5.594363698000  15.145298397000   2.449856136700 AA   10.571815230429  28.620466045144   4.629557142948 Bohr   0.0
[INPUT] 74 H     -4.936560008600  16.284647808300   4.786276136700 AA   -9.328746413735  30.773524392686   9.044751054904 Bohr   0.0
[INPUT] 75 H     -0.657803689300   6.594925647400   0.113436136700 AA   -1.243068816505  12.462603285456   0.214363230992 Bohr   0.0
[INPUT] 76 H     16.571198697900   3.867137529300   2.222983863300 AA   31.315027094780   7.307830816404   4.200830680965 Bohr   0.0
[INPUT] 77 H     10.319031310700  12.417510278900   4.559403863300 AA   19.500143048035  23.465693576093   8.616024592921 Bohr   0.0
[INPUT] 78 H      6.040274991400   2.727788118000   6.895823863300 AA   11.414465450806   5.154772468863  13.031218504877 Bohr   0.0
[INPUT] 79 H      7.266575097300  14.399558161400   0.806573593800 AA   13.731836797482  27.211221239792   1.524203191588 Bohr   0.0
[INPUT] 80 H     -5.126835719700  18.105695478400   3.142993593800 AA   -9.688315395870  34.214805748952   5.939397103544 Bohr   0.0
[INPUT] 81 H     -2.139739377600   5.519618212800   5.479413593800 AA   -4.043521401611  10.430566734353  10.354591015501 Bohr   0.0
[INPUT] 82 H     18.243410097300   4.612877764900   3.866266406200 AA   34.475048662022   8.717075621757   7.306184632324 Bohr   0.0
[INPUT] 83 H      8.837095622400  13.492817713500   6.202686406200 AA   16.699690462929  25.497730127195  11.721378544281 Bohr   0.0
[INPUT] 84 H      5.849999280300   0.906740447900   1.529846406200 AA   11.054896468670   1.713491112596   2.890990720368 Bohr   0.0
[INPUT] 85 H      7.498409897500  16.120221537500   1.104998651000 AA   14.169941076003  30.462803773190   2.088144818404 Bohr   0.0
[INPUT] 86 H     -6.732891314800  17.446138616700   3.441418651000 AA  -12.723320611435  32.968423916761   6.503338730360 Bohr   0.0
[INPUT] 87 H     -0.765518582500   4.458511698400   5.777838651000 AA   -1.446620464190   8.425366033145  10.918532642316 Bohr   0.0
[INPUT] 88 H     18.475244897500   2.892214388800   3.567841349000 AA   34.913152940543   5.465493088358   6.742243005509 Bohr   0.0
[INPUT] 89 H     10.211316417500  14.553924227900   5.904261349000 AA   19.296591400350  27.502930828403  11.157436917465 Bohr   0.0
[INPUT] 90 H      4.243943685200   1.566297309600   1.231421349000 AA    8.019891253105   2.959872944787   2.327049093552 Bohr   0.0
[INPUT] 91 H      6.252990631800  16.674839086300   6.020068687800 AA   11.816439753573  31.510879044300  11.376281071012 Bohr   0.0
[INPUT] 92 H     -6.590494568700  16.090265120000   1.347228687800 AA  -12.454229760277  30.406194348442   2.545893247099 Bohr   0.0
[INPUT] 93 H      0.337503936900   5.259767646300   3.683648687800 AA    0.637790006703   9.939520330355   6.961087159055 Bohr   0.0
[INPUT] 94 H     17.229825631800   2.337596840000   5.662031312200 AA   32.559651618113   4.417417817249  10.699688488770 Bohr   0.0
[INPUT] 95 H     11.314338936900  13.752668280000   0.989191312200 AA   21.381001871244  25.988776531193   1.869300664857 Bohr   0.0
[INPUT] 96 H      4.386340431300   2.922170806300   3.325611312200 AA    8.288982104264   5.522102513106   6.284494576813 Bohr   0.0
[INPUT] 97 H      7.569153540300  15.557825496100   5.636921284200 AA   14.303627185949  29.400029281405  10.652237412870 Bohr   0.0
[INPUT] 98 H     -6.281213877300  17.788602429300   0.964081284200 AA  -11.869773957914  33.615586730150   1.821849588957 Bohr   0.0
[INPUT] 99 H     -1.287939662900   4.678443927300   3.300501284200 AA   -2.433853227846   8.840977711732   6.237043500913 Bohr   0.0
[INPUT]100 H     18.545988540300   3.454610430200   6.045178715800 AA   35.046839050489   6.528267580144  11.423732146912 Bohr   0.0
[INPUT]101 H      9.688895337100  14.333991999000   1.372338715800 AA   18.309358636694  27.087319149817   2.593344322999 Bohr   0.0
[INPUT]102 H      4.695621122700   1.223833497000   3.708758715800 AA    8.873437906626   2.312710131399   7.008538234956 Bohr   0.0
[INPUT]103 H      2.337322174000  13.979889577000   0.786548625700 AA    4.416898773733  26.418162552192   1.486361486226 Bohr   0.0
[INPUT]104 H     -2.298765602600  14.046671517300   3.122968625700 AA   -4.344037413485  26.544362129426   5.901555398182 Bohr   0.0
[INPUT]105 H     -0.038556571200   9.998310758400   5.459388625700 AA   -0.072861359870  18.894069041668  10.316749310139 Bohr   0.0
[INPUT]106 H     13.314157173900   5.032546349300   3.886291374300 AA   25.160110638084   9.510134309357   7.344026337687 Bohr   0.0
[INPUT]107 H     10.938278428800   9.014125167900   6.222711374300 AA   20.670350504670  17.034227819880  11.759220249643 Bohr   0.0
[INPUT]108 H      8.678069397300   4.965764409000   1.549871374300 AA   16.399174450866   9.383934732123   2.928832425730 Bohr   0.0
[INPUT]109 H      4.834784844200  13.413670393300   0.870873007000 AA    9.136419226736  25.348163368524   1.645711472506 Bohr   0.0
[INPUT]110 H     -3.057136740700  16.492647226500   3.207293007000 AA   -5.777151165268  31.166586327153   6.060905384463 Bohr   0.0
[INPUT]111 H     -1.777648103500   8.118554232800   5.543713007000 AA   -3.359268061467  15.341844027420  10.476099296419 Bohr   0.0
[INPUT]112 H     15.811619844200   5.598765533000   3.801966993000 AA   29.879631091276  10.580133493025   7.184676351406 Bohr   0.0
[INPUT]113 H      9.199186896500  10.893881693500   6.138386993000 AA   17.383943803073  20.586452834128  11.599870263362 Bohr   0.0
[INPUT]114 H      7.919698259300   2.519788699800   1.465546993000 AA   14.966060699272   4.761710534396   2.769482439450 Bohr   0.0
[INPUT]115 H      3.697415184000  13.153725732800   2.853676593100 AA    6.987102066568  24.856939152636   5.392667209041 Bohr   0.0
[INPUT]116 H     -2.263333231000  15.637628537500   5.190096593100 AA   -4.277079935217  29.550835173558   9.807861120997 Bohr   0.0
[INPUT]117 H     -1.434081952900   9.233517582200   0.517256593100 AA   -2.710022131162  17.448819396714   0.977473297085 Bohr   0.0
[INPUT]118 H     14.674250184000   5.858710193500   1.819163406900 AA   27.730313931108  11.071357708913   3.437720614872 Bohr   0.0
[INPUT]119 H      9.542753047100   9.778918344100   4.155583406900 AA   18.033189733378  18.479477464834   7.852914526828 Bohr   0.0
[INPUT]120 H      8.713501769000   3.374807388800   6.492003406900 AA   16.466131929323   6.377461687991  12.268108438784 Bohr   0.0
[INPUT]121 H      3.288539809200  14.603579365800   3.477532690800 AA    6.214439589117  27.596765439712   6.571584374834 Bohr   0.0
[INPUT]122 H     -3.314505621600  14.558605259500   5.813952690800 AA   -6.263507863155  27.511776696107  10.986778286790 Bohr   0.0
[INPUT]123 H      0.025965812500   8.862687227300   1.141112690800 AA    0.049068274227  16.748051587278   2.156390462877 Bohr   0.0
[INPUT]124 H     14.265374809100   4.408856560500   1.195307309200 AA   26.957651453469   8.331531421837   2.258803449079 Bohr   0.0
[INPUT]125 H     11.002800812500  10.149748699000   3.531727309200 AA   20.792280138767  19.180245274271   6.673997361035 Bohr   0.0
[INPUT]126 H      7.662329378400   4.453830666800   5.868147309200 AA   14.479704001385   8.416520165441  11.089191272991 Bohr   0.0
[INPUT]127 C     11.317634765200   3.278330831800   0.801848681400 AA   21.387230084084   6.195147417820   1.515274401190 Bohr   0.0
[INPUT]128 C     13.455734835100   8.162193801400   3.138268681400 AA   25.427653643109  15.424310860269   5.930468313146 Bohr   0.0
[INPUT]129 C      8.157135399800   7.571911293000   5.474688681400 AA   15.414751866617  14.308838583271  10.345662225102 Bohr   0.0
[INPUT]130 C      0.340799765200  15.734105094500   3.870991318600 AA    0.644018219544  29.733149443729   7.315113422723 Bohr   0.0
[INPUT]131 C     -2.819699600200  11.440524633300   6.207411318600 AA   -5.328459997924  21.619458278277  11.730307334679 Bohr   0.0
[INPUT]132 C      2.478899835100  10.850242124900   1.534571318600 AA    4.684441778568  20.503986001280   2.899919510767 Bohr   0.0
[INPUT]133 C     10.948229659300   3.127005012500   2.185121659400 AA   20.689155604917   5.909183063767   4.129281485121 Bohr   0.0
[INPUT]134 C     13.771489391700   7.917942505200   4.521541659400 AA   26.024343277666  14.962742804881   8.544475397077 Bohr   0.0
[INPUT]135 C      8.210785948900   7.967488408600   6.857961659400 AA   15.516136710848  15.056370992901  12.959669309034 Bohr   0.0
[INPUT]136 C     -0.028605340700  15.885430913800   2.487718340600 AA   -0.054056259623  30.019113797781   4.701106338791 Bohr   0.0
[INPUT]137 C     -2.766049051100  11.044947517700   4.824138340600 AA   -5.227075153692  20.871925868648   9.116300250748 Bohr   0.0
[INPUT]138 C      2.794654391700  11.094493421100   0.151298340600 AA    5.281131413126  20.965554056668   0.285912426835 Bohr   0.0
[INPUT]139 C     10.872774091100   1.830198795600   2.739486866100 AA   20.546565246446   3.458574477193   5.176879898772 Bohr   0.0
[INPUT]140 C     14.932284303500   8.500999174700   5.075906866100 AA   28.217927747757  16.064560225337   9.592073810728 Bohr   0.0
[INPUT]141 C      7.125446605500   8.681237956000   0.403066866100 AA   13.465142599607  16.405162159019   0.761685986816 Bohr   0.0
[INPUT]142 C     -0.104060908800  17.182237130700   1.933353133900 AA   -0.196646617905  32.469722384356   3.653507925141 Bohr   0.0
[INPUT]143 C     -3.851388394500  10.331197970300   4.269773133900 AA   -7.278069264933  19.523134702529   8.068701837097 Bohr   0.0
[INPUT]144 C      3.955449303500  10.511436751600   6.606193133900 AA    7.474715883217  19.863736636212  12.483895749053 Bohr   0.0
[INPUT]145 C     11.164744984100   0.670399587800   2.015800775200 AA   21.098310270561   1.266871614963   3.809311386814 Bohr   0.0
[INPUT]146 C     15.790714434300   9.333752989200   4.352220775200 AA   29.840125592043  17.638236863928   8.224505298770 Bohr   0.0
[INPUT]147 C      5.975045581700   9.008283349300   6.688640775200 AA   11.291199731206  17.023188382657  12.639699210727 Bohr   0.0
[INPUT]148 C      0.187909984100  18.342036338500   2.657039224800 AA    0.355098406020  34.661425246585   5.021076437099 Bohr   0.0
[INPUT]149 C     -5.001789418300  10.004152577000   4.993459224800 AA   -9.452012133335  18.905108478892   9.436270349055 Bohr   0.0
[INPUT]150 C      4.813879434300   9.678682937100   0.320619224800 AA    9.096913727503  18.290059997620   0.605882525142 Bohr   0.0
[INPUT]151 C     11.516887301400   0.835586598600   0.653680635400 AA   21.763762807127   1.579029824711   1.235277373838 Bohr   0.0
[INPUT]152 C     15.471587127800   9.556123676300   2.990100635400 AA   29.237062383888  18.058456560679   5.650471285794 Bohr   0.0
[INPUT]153 C      5.942030570800   8.620725651400   5.326520635400 AA   11.228810402605  16.290810476159  10.065665197750 Bohr   0.0
[INPUT]154 C      0.540052301500  18.176849327700   4.019159364600 AA    1.020550942776  34.349267036838   7.595110450075 Bohr   0.0
[INPUT]155 C     -5.034804429200  10.391710274900   6.355579364600 AA   -9.514401461935  19.637486385390  12.010304362031 Bohr   0.0
[INPUT]156 C      4.494752127800   9.456312250000   1.682739364600 AA    8.493850519348  17.869840300870   3.179916538119 Bohr   0.0
[INPUT]157 C     11.579092116100   2.091563977600   0.067631526600 AA   21.881312870540   3.952483089670   0.127805062660 Bohr   0.0
[INPUT]158 C     14.352776403700   8.982005936600   2.404051526600 AA   27.122816530113  16.973531269391   4.542998974617 Bohr   0.0
[INPUT]159 C      6.998636480200   7.938866012100   4.740471526600 AA   13.225506192968  15.002282502487   8.958192886573 Bohr   0.0
[INPUT]160 C      0.602257116200  16.920871948700   4.605208473400 AA    1.138101006188  31.975813771879   8.702582761252 Bohr   0.0
[INPUT]161 C     -3.978198519800  11.073569914200   6.941628473400 AA   -7.517705671572  20.926014359061  13.117776673209 Bohr   0.0
[INPUT]162 C      3.375941403700  10.030429989700   2.268788473400 AA    6.379604665573  18.954765592157   4.287388849296 Bohr   0.0
[INPUT]163 C     10.649378555200   4.276869677800   3.091290729800 AA   20.124408866144   8.082112361499   5.841692850729 Bohr   0.0
[INPUT]164 C     12.925102932700   7.084197524500   5.427710729800 AA   24.424904674616  13.387193133627  10.256886762685 Bohr   0.0
[INPUT]165 C      9.356023512000   7.651368724100   0.754870729800 AA   17.680322052671  14.458991366612   1.426498938773 Bohr   0.0
[INPUT]166 C     -0.327456444800  14.735566248500   1.581549270200 AA   -0.618802998396  27.846184500050   2.988694973184 Bohr   0.0
[INPUT]167 C     -1.620811488000  11.361067202200   3.917969270200 AA   -3.062889811869  21.469305494937   7.403888885140 Bohr   0.0
[INPUT]168 C      1.948267932700  11.928238401800   6.254389270200 AA    3.681692810076  22.541103727922  11.819082797096 Bohr   0.0
[INPUT]169 C      4.447224621900  14.448144004800   0.747966184200 AA    8.404036549813  27.303035177349   1.413451238574 Bohr   0.0
[INPUT]170 C     -3.759237056600  15.639773422800   3.084386184200 AA   -7.103928474290  29.554888419343   5.828645150530 Bohr   0.0
[INPUT]171 C     -0.687987565300   7.936954425000   5.420806184200 AA   -1.300108075523  14.998670126405  10.243839062487 Bohr   0.0
[INPUT]172 C     15.424059621900   4.564291921500   3.924873815800 AA   29.147248414354   8.625261684200   7.416936585339 Bohr   0.0
[INPUT]173 C     10.288847434700  11.075481501300   6.261293815800 AA   19.443103789017  20.929626735144  11.832130497295 Bohr   0.0
[INPUT]174 C      7.217597943400   3.372662503500   1.588453815800 AA   13.639283390250   6.373408442205   3.001742673382 Bohr   0.0
[INPUT]175 C      5.590325994000  14.668928431800   5.585428583700 AA   10.564185075697  27.720257276948  10.554930311510 Bohr   0.0
[INPUT]176 C     -4.521992665200  16.519336036700   0.912588583700 AA   -8.545327674520  31.217020869021   1.724542487598 Bohr   0.0
[INPUT]177 C     -1.068333328800   6.836607384200   3.249008583700 AA   -2.018857401177  12.919315577317   6.139736399554 Bohr   0.0
[INPUT]178 C     16.567160994000   4.343507494500   6.096671416300 AA   31.307396940237   8.208039584601  11.521039248271 Bohr   0.0
[INPUT]179 C      9.908501671200  12.175828542100   1.423831416300 AA   18.724354463363  23.008981284231   2.690651424359 Bohr   0.0
[INPUT]180 C      6.454842334700   2.493099889600   3.760251416300 AA   12.197884189831   4.711275992527   7.105845336315 Bohr   0.0
[INPUT]181 C      6.618238664200  15.652645139700   6.170341917000 AA   12.506658502345  29.579212439037  11.660256318054 Bohr   0.0
[INPUT]182 C     -5.887872659400  16.917676167900   1.497501917000 AA  -11.126466782581  31.969774621412   2.829868494141 Bohr   0.0
[INPUT]183 C     -0.730366004700   5.454550545000   3.833921917000 AA   -1.380191719576  10.307606662647   7.245062406097 Bohr   0.0
[INPUT]184 C     17.595073664100   3.359790786600   5.511758083000 AA   33.249870366696   6.349084422511  10.415713241728 Bohr   0.0
[INPUT]185 C     10.246468995300  13.557885381300   0.838918083000 AA   19.363020144964  25.620690198901   1.585325417815 Bohr   0.0
[INPUT]186 C      5.088962340600   2.094759758400   3.175338083000 AA    9.616745081960   3.958522240136   6.000519329771 Bohr   0.0
[INPUT]187 C      5.454832288400  15.416785204100   1.399618866500 AA   10.308139080511  29.133501756996   2.644896336459 Bohr   0.0
[INPUT]188 C     -5.101908775600  16.028066659300   3.736038866500 AA   -9.641210298399  30.288656292349   7.060090248415 Bohr   0.0
[INPUT]189 C     -0.352923512700   6.580019989200   6.072458866500 AA   -0.666928781922  12.434435673752  11.475284160372 Bohr   0.0
[INPUT]190 C     16.431667288300   3.595650722200   3.273221133500 AA   31.051350944862   6.794795104553   6.185491487453 Bohr   0.0
[INPUT]191 C     10.623911487300  12.432415937100   5.609641133500 AA   20.076283082618  23.493861187797  10.600685399410 Bohr   0.0
[INPUT]192 C      5.874926224400   2.984369267000   0.936801133500 AA   11.102001566141   5.639640569199   1.770297575497 Bohr   0.0
[INPUT]193 C      6.811265836700  15.388569475200   0.668283697100 AA   12.871426992969  29.080181756970   1.262873161031 Bohr   0.0
[INPUT]194 C     -5.755690011800  17.216880435100   3.004703697100 AA  -10.876677780197  32.535188741722   5.678067072987 Bohr   0.0
[INPUT]195 C     -1.055575824800   5.419421942200   5.341123697100 AA   -1.994749212584  10.241223224216  10.093260984943 Bohr   0.0
[INPUT]196 C     17.788100836600   3.623866451100   4.004556302900 AA   33.614638857321   6.848115104579   7.567514662882 Bohr   0.0
[INPUT]197 C      9.921259175100  13.593013984100   6.340976302900 AA   18.748462651767  25.687073637332  11.982708574838 Bohr   0.0
[INPUT]198 C      5.221144988200   1.795555491200   1.668136302900 AA    9.866534084343   3.393108119827   3.152320750926 Bohr   0.0
[INPUT]199 C      3.058299816500  14.510364714200   1.407889501600 AA    5.779349059993  27.420615277391   2.660525571674 Bohr   0.0
[INPUT]200 C     -3.118659368900  14.405818902600   3.744309501600 AA   -5.893412083030  27.223052325996   7.075719483631 Bohr   0.0
[INPUT]201 C      0.060359552500   9.108688235700   6.080729501600 AA    0.114063023226  17.212926119521  11.490913395587 Bohr   0.0
[INPUT]202 C     14.035134816500   4.502071212100   3.264950498400 AA   26.522560924533   8.507681584158   6.169862252238 Bohr   0.0
[INPUT]203 C     11.037194552500   9.903747690600   5.601370498400 AA   20.857274887766  18.715370742028  10.585056164194 Bohr   0.0
[INPUT]204 C      7.858175631100   4.606617023700   0.928530498400 AA   14.849799781510   8.705244535552   1.754668340282 Bohr   0.0
[INPUT]205 N      4.306969038900  14.778075933200   6.318904412600 AA    8.138991910502  27.926516161774  11.940998747120 Bohr   0.0
[INPUT]206 N     -3.974838696600  15.353342560700   1.646064412600 AA   -7.511356525897  29.013612536351   3.110610923207 Bohr   0.0
[INPUT]207 N     -0.332130342200   7.893453358800   3.982484412600 AA   -0.627635384416  14.916465025160   7.525804835163 Bohr   0.0
[INPUT]208 N     15.283804038800   4.234359993100   5.363195587400 AA   28.882203774853   8.001780699774  10.134970812662 Bohr   0.0
[INPUT]209 N     10.644704657800  11.118982567500   0.690355587400 AA   20.115576480124  21.011831836388   1.304582988749 Bohr   0.0
[INPUT]210 N      7.001996303400   3.659093365600   3.026775587400 AA   13.231855338643   6.914684325197   5.719776900706 Bohr   0.0
[INPUT]211 N      3.008867283300  13.908358266500   2.784703149800 AA    5.685935110601  26.282987966015   5.262326291336 Bohr   0.0
[INPUT]212 N     -2.572590225300  14.664012297000   5.121123149800 AA   -4.861490956550  27.710967128584   9.677520203292 Bohr   0.0
[INPUT]213 N     -0.436277057900   9.452501289100   0.448283149800 AA   -0.824444153862  17.862638628497   0.847132379379 Bohr   0.0
[INPUT]214 N     13.985702283300   5.104077659800   1.888136850200 AA   26.429146975141   9.645308895533   3.568061532577 Bohr   0.0
[INPUT]215 N     10.540557942100   9.559934637200   4.224556850200 AA   19.918767710678  18.065658233051   7.983255444533 Bohr   0.0
[INPUT]216 N      8.404244774700   4.348423629300   6.560976850200 AA   15.881720907990   8.217329732964  12.398449356490 Bohr   0.0

nuclear repulsion = 1312.0248019812
number of shells = 546
number of NR pGTOs = 3132
number of NR cGTOs = 1974
basis = gth-dzvp
ecp = {}
CPU time:         4.03
lattice vectors  a1 [41.486423799, 0.000000000, 0.000000000]
                 a2 [-20.743211899, 35.928280170, 0.000000000]
                 a3 [0.000000000, 0.000000000, 13.245577958]
dimension = 3
low_dim_ft_type = None
Cell volume = 19743
exp_to_discard = 0.1
rcut = 22.07448407082675 (nimgs = [1 1 2])
precision = 1e-08
pseudo = gth-pbe
ke_cutoff = 2737.7070550336634
    = [979 979 313] mesh (299992033 PWs)


******** <class 'pyscf.pbc.scf.hf.RHF'> ********
method = RHF
initial guess = minao
damping factor = 0
level_shift factor = 0
DIIS = <class 'pyscf.scf.diis.CDIIS'>
diis_start_cycle = 1
diis_space = 10
diis_damp = 0
SCF conv_tol = 1e-07
SCF conv_tol_grad = None
SCF max_cycles = 100
direct_scf = True
direct_scf_tol = 1e-13
chkfile to save SCF result = calc/pbc_hf/a_MOF_gth-dzvp.chk
max_memory 100000 MB (current use 112 MB)
******** PBC SCF flags ********
kpt = [0. 0. 0.]
Exchange divergence treatment (exxdiv) = ewald
    madelung (= occupied orbital energy shift) = 0.05545506708896933
    Total energy shift due to Ewald probe charge = -1/2 * Nelec*madelung = -17.8010765356
DF object = <pyscf.pbc.df.df.GDF object at 0x758cc22cb150>
Set gradient conv threshold to 0.000316228
Initial guess from minao.


******** <class 'pyscf.pbc.df.rsdf_builder._RSNucBuilder'> ********
mesh = [69 69 23] (109503 PWs)
ke_cutoff = 13.257925556507836
omega = 0.4597224353632887
exclude_d_aux = False
exclude_dd_block = True
j2c_eig_always = False
has_long_range = True


******** <class 'pyscf.pbc.df.df.GDF'> ********
auxbasis = None
exp_to_discard = 0.1
_cderi_to_save = calc/pbc_hf/a_MOF_gth-dzvp_cderi.h5
len(kpts) = 1
ETB for N: l = 0, exps = 0.3256445704 * 2^n , n = 0..5
ETB for N: l = 1, exps = 0.3256445704 * 2^n , n = 0..5
ETB for N: l = 2, exps = 0.3256445704 * 2^n , n = 0..5
ETB for N: l = 3, exps = 0.7294540616334931 * 2^n , n = 0..2
ETB for N: l = 4, exps = 1.634 * 2^n , n = 0..0
ETB for Mg: l = 0, exps = 1.138126092 * 2^n , n = 0..5
ETB for Mg: l = 1, exps = 1.138126092 * 2^n , n = 0..5
ETB for Mg: l = 2, exps = 0.6524255960705404 * 2^n , n = 0..6
ETB for Mg: l = 3, exps = 0.6524255960705404 * 2^n , n = 0..3
ETB for Mg: l = 4, exps = 0.374 * 2^n , n = 0..0
ETB for C: l = 0, exps = 0.2375755314 * 2^n , n = 0..5
ETB for C: l = 1, exps = 0.2375755314 * 2^n , n = 0..5
ETB for C: l = 2, exps = 0.2375755314 * 2^n , n = 0..5
ETB for C: l = 3, exps = 0.51120747699931 * 2^n , n = 0..2
ETB for C: l = 4, exps = 1.1 * 2^n , n = 0..0
ETB for O: l = 0, exps = 0.4272777264 * 2^n , n = 0..5
ETB for O: l = 1, exps = 0.4272777264 * 2^n , n = 0..5
ETB for O: l = 2, exps = 0.4272777264 * 2^n , n = 0..5
ETB for O: l = 3, exps = 1.0063042341002049 * 2^n , n = 0..2
ETB for O: l = 4, exps = 2.37 * 2^n , n = 0..0
ETB for H: l = 0, exps = 0.3316473864 * 2^n , n = 0..5
ETB for H: l = 1, exps = 0.6944172375636999 * 2^n , n = 0..3
ETB for H: l = 2, exps = 1.454 * 2^n , n = 0..0

WARN: Even tempered Gaussians are generated as DF auxbasis for  N Mg C H O

Drop 0 primitive fitting functions
make aux basis, num shells = 3642, num cGTOs = 11994
auxcell.rcut 13.579969116844692


******** <class 'pyscf.pbc.df.rsdf_builder._RSGDFBuilder'> ********
mesh = [31 31 11] (10571 PWs)
ke_cutoff = 2.580478590150746
omega = 0.2028041693659183
exclude_d_aux = True
exclude_dd_block = True
j2c_eig_always = False
has_long_range = True
init E= -1270.54671748095
  HOMO = -0.0436763250542289  LUMO = 0.117061406956273  gap/eV = 4.37390
cycle= 1 E= -1265.40361976492  delta_E= 5.14  |g|= 2.94  |ddm|=  176
  HOMO = -0.0729910964988845  LUMO = 0.22910882401659  gap/eV = 8.22056
cycle= 2 E= -1266.88208448748  delta_E= -1.48  |g|= 1.58  |ddm|= 11.3
  HOMO = -0.0940897069654819  LUMO = 0.247337404370024  gap/eV = 9.29070
cycle= 3 E= -1267.38922175897  delta_E= -0.507  |g|= 0.436  |ddm|= 4.89
  HOMO = -0.102830052243221  LUMO = 0.244831376252801  gap/eV = 9.46035
cycle= 4 E= -1267.43741077656  delta_E= -0.0482  |g|= 0.0939  |ddm|= 1.37
  HOMO = -0.100233907571682  LUMO = 0.24715067996087  gap/eV = 9.45282
cycle= 5 E= -1267.44007354962  delta_E= -0.00266  |g|= 0.0357  |ddm|= 0.405
  HOMO = -0.100601199694109  LUMO = 0.24765177194558  gap/eV = 9.47645
cycle= 6 E= -1267.44052671656  delta_E= -0.000453  |g|= 0.0116  |ddm|= 0.141
  HOMO = -0.10089930345018  LUMO = 0.24749969498536  gap/eV = 9.48042
cycle= 7 E= -1267.44059233857  delta_E= -6.56e-05  |g|= 0.00484  |ddm|= 0.0443
  HOMO = -0.100990610479569  LUMO = 0.247600250315866  gap/eV = 9.48564
cycle= 8 E= -1267.44061022923  delta_E= -1.79e-05  |g|= 0.00188  |ddm|= 0.0277
  HOMO = -0.100949262437422  LUMO = 0.247656197670106  gap/eV = 9.48604
cycle= 9 E= -1267.44061359493  delta_E= -3.37e-06  |g|= 0.000805  |ddm|= 0.0106
  HOMO = -0.10096325110938  LUMO = 0.247667988721302  gap/eV = 9.48674
cycle= 10 E= -1267.44061451206  delta_E= -9.17e-07  |g|= 0.000365  |ddm|= 0.00559
  HOMO = -0.100958629805415  LUMO = 0.247667577045336  gap/eV = 9.48660
cycle= 11 E= -1267.44061468759  delta_E= -1.76e-07  |g|= 0.000159  |ddm|= 0.00248
  HOMO = -0.100955177925891  LUMO = 0.247668310119763  gap/eV = 9.48653
cycle= 12 E= -1267.44061471652  delta_E= -2.89e-08  |g|= 5.76e-05  |ddm|= 0.00115
  HOMO = -0.100954464372578  LUMO = 0.247668370382423  gap/eV = 9.48651
Extra cycle  E= -1267.44061471883  delta_E= -2.31e-09  |g|= 3.56e-05  |ddm|= 0.000275
converged SCF energy = -1267.44061471883
