Discarded 12 diffused primitive functions, 0 contracted functions
#INFO: **** input file is /home/seyoung/mof-co2-quantum/scripts/pbc_hf_mof.py ****
"""
주기 HF (Γ점, GDF) — 216/219원자 MOF 계.
사용: OMP_NUM_THREADS=24 python scripts/pbc_hf_mof.py <name> <basis>
  name : a_MOF | b_MOF_CO2_bound | c_MOF_CO2_free | d_CO2_box
  basis: gth-szv | gth-dzvp
결과: calc/pbc_hf/<name>_<basis>.chk (오비탈 저장, 뒤 단계에서 재사용), 같은 이름 .log
"""
import sys, os, time
from ase.io import read
from pyscf.pbc import gto, scf
from pyscf import lib

name, basis = sys.argv[1], sys.argv[2]
os.makedirs("calc/pbc_hf", exist_ok=True)
tag = f"calc/pbc_hf/{name}_{basis}"

atoms = read(f"structures/02_relaxed/{name}_relaxed.cif")
cell = gto.Cell()
cell.atom = [(s, tuple(p)) for s, p in zip(atoms.get_chemical_symbols(), atoms.positions)]
cell.a = atoms.cell[:]
cell.unit = "Angstrom"
cell.basis = basis
cell.pseudo = "gth-pbe"
cell.exp_to_discard = 0.1
cell.verbose = 4
cell.output = tag + ".log"
cell.max_memory = int(os.environ.get("PYSCF_MAX_MEMORY", 100000))
cell.build()
print(f"{name} {basis}: 원자 {cell.natm}, 기저함수 {cell.nao}, 전자 {cell.nelectron}, 스레드 {lib.num_threads()}")

t0 = time.time()
mf = scf.RHF(cell).density_fit()
mf.with_df._cderi_to_save = tag + "_cderi.h5"   # 3중심 적분을 디스크에
mf.chkfile = tag + ".chk"
mf.conv_tol = 1e-7
mf.max_cycle = 100
mf.diis_space = 10
e_hf = mf.kernel()
dt = time.time() - t0
print(f"HF = {e_hf:.8f} Ha   converged={mf.converged}   {dt/60:.1f} min")
print(f"HOMO-LUMO gap = {(mf.mo_energy[cell.nelectron//2]-mf.mo_energy[cell.nelectron//2-1])*27.2114:.2f} eV")
with open("calc/pbc_hf/summary.txt", "a") as f:
    f.write(f"{name}\t{basis}\tnao={cell.nao}\tE={e_hf:.8f}\tconv={mf.converged}\t{dt/60:.1f}min\n")#INFO: ******************** input file end ********************


System: uname_result(system='Linux', node='stl-Precision-7920-Tower', release='7.0.0-31-generic', version='#31~24.04.1-Ubuntu SMP PREEMPT_DYNAMIC Mon Aug 10 09:38:02 UTC 2', machine='x86_64')  Threads 16
Python 3.11.16 (main, Aug 27 2026, 14:44:21) [GCC 14.3.0]
numpy 2.4.6  scipy 1.17.1  h5py 3.16.0
Date: Tue Sep 22 11:33:52 2026
PySCF version 2.14.0
PySCF path  /home/seyoung/miniconda3/envs/mof/lib/python3.11/site-packages/pyscf

[ENV] PYSCF_MAX_MEMORY 50000
[CONFIG] conf_file None
[INPUT] verbose = 4
[INPUT] num. atoms = 219
[INPUT] num. electrons = 658
[INPUT] charge = 0
[INPUT] spin (= nelec alpha-beta = 2S) = 0
[INPUT] symmetry False subgroup None
[INPUT] Mole.unit = Angstrom
[INPUT] Symbol           X                Y                Z      unit          X                Y                Z       unit  Magmom
[INPUT]  1 Mg    10.075250679800   5.443336464500   5.884744763900 AA   19.039464421160  10.286415121763  11.120555916739 Bohr   0.0
[INPUT]  2 Mg    12.111665373700   6.133971628700   1.127739683500 AA   22.887730468671  11.591526434095   2.131119141619 Bohr   0.0
[INPUT]  3 Mg    10.593428687300   7.476762497300   3.506238509300 AA   20.018678939108  14.129033418316   6.625830509980 Bohr   0.0
[INPUT]  4 Mg    -0.800935930900  13.576457537200   5.835828470800 AA   -1.513549552725  25.655786487095  11.028117519751 Bohr   0.0
[INPUT]  5 Mg    -0.407021678300  11.566758888200   1.166993416000 AA   -0.769159498748  21.858006447577   2.205297945411 Bohr   0.0
[INPUT]  6 Mg     1.133255729000  12.918437953900   3.501630405300 AA    2.141542956904  24.412309690058   6.617122455467 Bohr   0.0
[INPUT]  7 O     11.348882593400   4.466876732300   0.161819370100 AA   21.446279921370   8.441173656239   0.305794291139 Bohr   0.0
[INPUT]  8 O     12.393125378000   7.641055820200   2.508988034800 AA   23.419612791817  14.439502802692   4.741300235583 Bohr   0.0
[INPUT]  9 O      9.125576264000   6.968727639700   4.860501042100 AA   17.244839867792  13.168986675720   9.185015797732 Bohr   0.0
[INPUT] 10 O      0.378120650800  14.578617379800   4.473498133700 AA    0.714544472054  27.549594122646   8.453686291446 Bohr   0.0
[INPUT] 11 O     -1.865161355000  12.112869348800   6.819011519900 AA   -3.524644139073  22.890005651871  12.886064212865 Bohr   0.0
[INPUT] 12 O      1.401880655400  11.390102316500   2.143436013300 AA    2.649170498032  21.524173908959   4.050507030667 Bohr   0.0
[INPUT] 13 O     10.784068667100   5.512283845600   2.641648702800 AA   20.378936289322  10.416706789048   4.991992565605 Bohr   0.0
[INPUT] 14 O     11.783967340900   6.616230345500   4.998085980400 AA   22.268470935120  12.502863330031   9.445013649984 Bohr   0.0
[INPUT] 15 O     10.328830954500   6.967445769000   0.319616545400 AA   19.518661690935  13.166564291170   0.603987735686 Bohr   0.0
[INPUT] 16 O     -0.203438980400  13.544808077200   1.995777018500 AA   -0.384443956017  25.595977675705   3.771471970666 Bohr   0.0
[INPUT] 17 O     -0.674219926400  12.108639705100   4.334425040800 AA   -1.274091008620  22.882012783673   8.190876234569 Bohr   0.0
[INPUT] 18 O      0.793752217300  12.414419927900   6.672503263900 AA    1.499974301463  23.459853659074  12.609203734037 Bohr   0.0
[INPUT] 19 O     10.158296475100   4.110201680000   4.270996173200 AA   19.196398230074   7.767155491927   8.071013046413 Bohr   0.0
[INPUT] 20 O     13.328350761900   6.789274974500   6.612459224800 AA   25.186932632129  12.829870286168  12.495736944726 Bohr   0.0
[INPUT] 21 O      9.398036592200   8.165369408400   1.970610284100 AA   17.759715267899  15.430311887778   3.723913735200 Bohr   0.0
[INPUT] 22 O     -0.815403025400  14.955847076400   0.365132731000 AA   -1.540888399148  28.262454935273   0.690000860704 Bohr   0.0
[INPUT] 23 O     -1.602209061000  10.876357079400   2.710263864300 AA   -3.027736319587  20.553336113040   5.121656428832 Bohr   0.0
[INPUT] 24 O      2.323959109700  12.252400745300   5.045870737500 AA    4.391646242021  23.153681777034   9.535313753832 Bohr   0.0
[INPUT] 25 H     10.532320914700   1.797072277700   3.789346740800 AA   19.903201984812   3.395974430901   7.160827531125 Bohr   0.0
[INPUT] 26 H     15.142907006700   8.240024480600   6.119255268300 AA   28.615946972420  15.571389528045  11.563716543389 Bohr   0.0
[INPUT] 27 H      7.263581935700   9.083457957700   1.460182870900 AA   13.726180541811  17.165247804054   2.759345717782 Bohr   0.0
[INPUT] 28 H     -0.530384437400  17.260578598700   0.874883522400 AA   -1.002281327418  32.617766303072   1.653290248231 Bohr   0.0
[INPUT] 29 H     -3.751311373500  10.002354065800   3.218984672400 AA   -7.088951103881  18.901709785292   6.082999430009 Bohr   0.0
[INPUT] 30 H      4.187670763100  10.885006721000   5.554187900400 AA    7.913550842107  20.569681566740  10.495893976129 Bohr   0.0
[INPUT] 31 H      0.486089214800  18.988774111100   0.009149286200 AA    0.918575488077  35.883582511210   0.017289645153 Bohr   0.0
[INPUT] 32 H     -5.785701193200  10.088731416200   2.375430828300 AA  -10.933390693717  19.064939320913   4.488913693336 Bohr   0.0
[INPUT] 33 H      5.243560568300   9.224867259800   4.675058977000 AA    9.908893391656  17.432472656489   8.834581082719 Bohr   0.0
[INPUT] 34 H     11.573635362600   0.060566073700   4.607482668000 AA   21.871001100895   0.114453291733   8.706880366200 Bohr   0.0
[INPUT] 35 H     16.080406754200  10.067465857000   6.957849105800 AA   30.387564737044  19.024753238140  13.148429226012 Bohr   0.0
[INPUT] 36 H      5.238256085900   9.034438744800   2.281072515400 AA    9.898869372687  17.072614916831   4.310602324379 Bohr   0.0
[INPUT] 37 H     11.574578394700   2.212637925700   5.987239346500 AA   21.872783173291   4.181279692399  11.314242607105 Bohr   0.0
[INPUT] 38 H     14.179092939600   9.056018285600   1.338926926300 AA   26.794602350598  17.113394338837   2.530205191513 Bohr   0.0
[INPUT] 39 H      7.117685276500   8.001098978900   3.652023650700 AA   13.450475813434  15.119885765658   6.901324500257 Bohr   0.0
[INPUT] 40 H      0.718355522700  16.837346353700   5.637322515700 AA    1.357495197972  31.817973272937  10.652995630517 Bohr   0.0
[INPUT] 41 H     -3.990287206800  11.290284686000   0.974428725400 AA   -7.540549979208  21.335545924911   1.841403418915 Bohr   0.0
[INPUT] 42 H      3.221498884600  10.008415120700   3.309111725900 AA    6.087750602486  18.913163519079   6.253314877538 Bohr   0.0
[INPUT] 43 H      2.687962701300  15.630894394100   1.440833290600 AA    5.079513338503  29.538109486848   2.722780310390 Bohr   0.0
[INPUT] 44 H     -3.922676934800  13.498235769200   3.733468154200 AA   -7.412785081920  25.507968768596   7.055232306223 Bohr   0.0
[INPUT] 45 H      1.153370271700   8.875390952100   6.109608564100 AA    2.179553933728  16.772058147912  11.545486914446 Bohr   0.0
[INPUT] 46 H     13.638825851100   3.402749047900   3.231109178300 AA   25.773645519217   6.430263771156   6.105911425555 Bohr   0.0
[INPUT] 47 H     12.196089449800  10.179149861500   5.592964727800 AA   23.047268850819  19.235805419139  10.569171559895 Bohr   0.0
[INPUT] 48 H      3.662537975100  13.970369951000   5.945893450600 AA    6.921193693758  26.400173066243  11.236110187479 Bohr   0.0
[INPUT] 49 H     -2.948239666500  15.211464412400   1.243753578000 AA   -5.571365519264  28.745501693004   2.350353628868 Bohr   0.0
[INPUT] 50 H     -0.773101568700   8.850263636500   3.598578756100 AA   -1.460950231315  16.724574403182   6.800328286707 Bohr   0.0
[INPUT] 51 H     14.629559383300   5.064269050600   5.716420367000 AA   27.645860557498   9.570081526745  10.802468906516 Bohr   0.0
[INPUT] 52 H     10.245291891800  10.192924672100   1.073984758000 AA   19.360795741729  19.261836038591   2.029537054577 Bohr   0.0
[INPUT] 53 H      6.061191617200  13.482712954500   5.838007633300 AA   11.453992145018  25.478634900130  11.032235540057 Bohr   0.0
[INPUT] 54 H     -3.735894738800  17.537160833700   1.176894768400 AA   -7.059817886536  33.140430978142   2.224008789709 Bohr   0.0
[INPUT] 55 H     -2.365535211900   6.986474675800   3.484086168200 AA   -4.470213688506  13.202523713471   6.583968652283 Bohr   0.0
[INPUT] 56 H     17.029438110700   5.552462412700   5.816409197400 AA   32.180974084454  10.492633276945  10.991420411487 Bohr   0.0
[INPUT] 57 H      8.632233846000  12.037466845400   1.166548754200 AA   16.312557812141  22.747515571338   2.204457656391 Bohr   0.0
[INPUT] 58 H      5.464400065100  14.534019625700   4.541096828900 AA   10.326219558094  27.465316581627   8.581429311752 Bohr   0.0
[INPUT] 59 H     -4.290789215200  16.525703689200   6.839041555100 AA   -8.108416474965  31.229053988302  12.923915493659 Bohr   0.0
[INPUT] 60 H     -1.153231418800   7.003729205000   2.190847926000 AA   -2.179291539776  13.235130048068   4.140102560711 Bohr   0.0
[INPUT] 61 H     16.437396159300   4.499519243600   0.105219602800 AA   31.062176942055   8.502859062614   0.198836232228 Bohr   0.0
[INPUT] 62 H      9.824277346300  12.032908632200   2.478747899900 AA   18.565193556276  22.738901796773   4.684154662652 Bohr   0.0
[INPUT] 63 H      4.940939620600  16.586273572500   1.117103637400 AA    9.337022680946  31.343514479136   2.111019927441 Bohr   0.0
[INPUT] 64 H     -5.906070295600  14.902880905600   3.304005869800 AA  -11.160855331113  28.162363378594   6.243666207877 Bohr   0.0
[INPUT] 65 H      0.875906176500   6.455506318400   5.792965740100 AA    1.655222784400  12.199138937175  10.947118697777 Bohr   0.0
[INPUT] 66 H     15.897275109800   2.442414022900   3.534889661000 AA   30.041496084387   4.615493586078   6.679973339847 Bohr   0.0
[INPUT] 67 H     11.908424914500  12.603113469200   5.925376550000 AA   22.503661663352  23.816432773605  11.197338864420 Bohr   0.0
[INPUT] 68 H      5.516155066100  15.494050029600   2.383951532000 AA   10.424022335561  29.279511116253   4.505015489717 Bohr   0.0
[INPUT] 69 H     -5.331803496000  15.921254350700   4.632241873500 AA  -10.075648357439  30.086810282363   8.753668483657 Bohr   0.0
[INPUT] 70 H     -0.371723646200   6.485561347900   0.037264872100 AA   -0.702455885343  12.255934711596   0.070420402336 Bohr   0.0
[INPUT] 71 H     16.465198234800   3.531441980300   2.262455179700 AA   31.114715250444   6.673458167559   4.275420658737 Bohr   0.0
[INPUT] 72 H     10.686938551600  12.567081958200   4.646249887500 AA   20.195386972580  23.748343085961   8.780139793666 Bohr   0.0
[INPUT] 73 H      7.267025040200  14.593263777400   0.890256429300 AA   13.732687066334  27.577271802822   1.682340832010 Bohr   0.0
[INPUT] 74 H     -5.405731366800  17.926520265200   3.207787132100 AA  -10.215351786223  33.876213667693   6.061839145573 Bohr   0.0
[INPUT] 75 H     -1.994955614500   5.394925115200   5.535726378700 AA   -3.769919742068  10.194930930266  10.461006756273 Bohr   0.0
[INPUT] 76 H     18.222845316200   4.437593069500   3.744356855700 AA   34.436186857931   8.385835553623   7.075808969911 Bohr   0.0
[INPUT] 77 H      9.024424568100  13.639527437400   6.127038605000 AA   17.053690865505  25.774971325177  11.578424918087 Bohr   0.0
[INPUT] 78 H      7.418204462300  16.346996964500   0.944154031000 AA   14.018374769773  30.891347222001   1.784192537994 Bohr   0.0
[INPUT] 79 H     -6.987488633000  17.156296476200   3.159697989600 AA  -13.204439814882  32.420701651859   5.970963836683 Bohr   0.0
[INPUT] 80 H     -0.537067471100   4.410368572400   5.603707242300 AA   -1.014910430792   8.334388710225  10.589471970189 Bohr   0.0
[INPUT] 81 H     18.376478519500   2.683454274400   3.694571059800 AA   34.726511535808   5.070993646409   6.981727450766 Bohr   0.0
[INPUT] 82 H     10.474001111000  14.638740801200   6.090270020600 AA   19.792993528180  27.663210922764  11.508942363583 Bohr   0.0
[INPUT] 83 H      6.224075677100  16.547066750700   5.770726216900 AA   11.761798408286  31.269424323720  10.905092089788 Bohr   0.0
[INPUT] 84 H     -6.458266850100  16.135970346400   0.949920728100 AA  -12.204355586046  30.492564708799   1.795090016156 Bohr   0.0
[INPUT] 85 H      0.239393000800   5.365104373400   3.428588612300 AA    0.452387207650  10.138577895432   6.479093471050 Bohr   0.0
[INPUT] 86 H     17.186076698600   2.487639644700   5.879694559200 AA   32.476978116123   4.700957625093  11.111012412983 Bohr   0.0
[INPUT] 87 H     11.216509136400  13.690573026100   1.269340042100 AA   21.196130341478  25.871433507687   2.398705038513 Bohr   0.0
[INPUT] 88 H      7.578984901200  15.426131052500   5.586749523300 AA   14.322205765482  29.151162850874  10.557426525581 Bohr   0.0
[INPUT] 89 H     -6.164098773300  17.877887386500   0.860187795100 AA  -11.648458486304  33.784310846301   1.625519348432 Bohr   0.0
[INPUT] 90 H     -1.394384219400   4.718255686200   3.228017238500 AA   -2.635004287081   8.916211032590   6.100068506140 Bohr   0.0
[INPUT] 91 H     18.546357073300   3.602422357100   6.059470107800 AA   35.047535476927   6.807591639929  11.450738963731 Bohr   0.0
[INPUT] 92 H      9.571501733000  14.316849359800   1.438242379800 AA   18.087516876170  27.054924256677   2.717884198565 Bohr   0.0
[INPUT] 93 H      2.327607981800  14.045316169100   0.778676569300 AA    4.398541610954  26.541800892524   1.471485455593 Bohr   0.0
[INPUT] 94 H     -2.375403823200  14.006808709400   3.080184626400 AA   -4.488862661093  26.469032339939   5.820705356992 Bohr   0.0
[INPUT] 95 H     -0.041033940300   9.974629789300   5.442101971200 AA   -0.077542908979  18.849318495705  10.284082267524 Bohr   0.0
[INPUT] 96 H     13.291113181700   4.998528854600   3.874410821600 AA   25.116563804010   9.445850560930   7.321575346875 Bohr   0.0
[INPUT] 97 H     10.994133483900   9.075131209000   6.240295700200 AA   20.775901261481  17.149512529503  11.792449809679 Bohr   0.0
[INPUT] 98 H      4.866460964200  13.526546258600   1.018435291900 AA    9.196278418225  25.561467840014   1.924563777282 Bohr   0.0
[INPUT] 99 H     -3.266097744600  16.455032160900   3.345638274200 AA   -6.172030233354  31.095504155011   6.322340050101 Bohr   0.0
[INPUT]100 H     -1.752235140900   8.023126884500   5.678939752700 AA   -3.311244522140  15.161512474340  10.731640810508 Bohr   0.0
[INPUT]101 H     15.826574992900   5.502212753700   3.626543567500 AA   29.907892226471  10.397675183582   6.853174121378 Bohr   0.0
[INPUT]102 H      9.285178073700  11.024749226500   5.993207063500 AA   17.546443577110  20.833756630096  11.325519957824 Bohr   0.0
[INPUT]103 H      3.672411517400  13.290211969900   2.889991698100 AA    6.939851984584  25.114860760527   5.461292811676 Bohr   0.0
[INPUT]104 H     -2.445193716700  15.555708895500   5.190438030800 AA   -4.620746446070  29.396029485955   9.808506344739 Bohr   0.0
[INPUT]105 H     -1.377231083300   9.199631376500   0.533231187900 AA   -2.602589557675  17.384783748540   1.007660906207 Bohr   0.0
[INPUT]106 H     14.645760669100   5.708619689700   1.746155382000 AA   27.676476550526  10.787727762833   3.299755442915 Bohr   0.0
[INPUT]107 H      9.689434759600   9.885289168100   4.119782396300 AA   18.310377997485  18.680489189839   7.785260421811 Bohr   0.0
[INPUT]108 H      3.202920377600  14.734883847500   3.481000220300 AA    6.052642312453  27.844894949052   6.578137055918 Bohr   0.0
[INPUT]109 H     -3.434341191100  14.397239797600   5.775798577800 AA   -6.489964269492  27.206840167153  10.914677462694 Bohr   0.0
[INPUT]110 H      0.100040359300   8.860575205300   1.134193434500 AA    0.189048880480  16.744060444129   2.143314963485 Bohr   0.0
[INPUT]111 H     14.143341965400   4.266519205700   1.177717783600 AA   26.727042800674   8.062552803970   2.225564063034 Bohr   0.0
[INPUT]112 H     11.184811482400  10.184457947700   3.543444400400 AA   21.136230456627  19.245836248303   6.696139454380 Bohr   0.0
[INPUT]113 C     11.166467342600   3.298404510700   0.777776551900 AA   21.101565056414   6.233081173253   1.469784669200 Bohr   0.0
[INPUT]114 C     13.488576482600   8.097878774500   3.127878512700 AA   25.489715362363  15.302773073734   5.910833739915 Bohr   0.0
[INPUT]115 C      8.222693499700   7.751234554700   5.470267790400 AA   15.538638720674  14.647710435648  10.337307951886 Bohr   0.0
[INPUT]116 C      0.220327616600  15.756030995300   3.854471810200 AA    0.416358853052  29.774583391275   7.283896076135 Bohr   0.0
[INPUT]117 C     -2.810969312100  11.393268084200   6.198908083400 AA   -5.311962144426  21.530156342886  11.714238548979 Bohr   0.0
[INPUT]118 C      2.511750638600  10.958020225900   1.524861370100 AA    4.746520800155  20.707657094396   2.881570367418 Bohr   0.0
[INPUT]119 C     10.845619964100   3.157643917900   2.173959757600 AA   20.495251383264   5.967082203730   4.108188547690 Bohr   0.0
[INPUT]120 C     13.784568736200   7.869099022300   4.517585388400 AA   26.049059656660  14.870441999230   8.536999128413 Bohr   0.0
[INPUT]121 C      8.263431289500   8.103196945600   6.863980596200 AA   15.615621986317  15.312822960596  12.971043451147 Bohr   0.0
[INPUT]122 C     -0.134113889100  15.900693760500   2.466828860500 AA   -0.253438519899  30.047956397926   4.661630942518 Bohr   0.0
[INPUT]123 C     -2.759936195600  11.012788785500   4.811742756100 AA   -5.215523530958  20.811154672276   9.092875990889 Bohr   0.0
[INPUT]124 C      2.811235721800  11.197438712900   0.138198690200 AA    5.312465585796  21.160092463983   0.261157675252 Bohr   0.0
[INPUT]125 C     10.761711908000   1.861498449000   2.733569902000 AA   20.336688137591   3.517722249913   5.165698457134 Bohr   0.0
[INPUT]126 C     14.945715632700   8.446252007100   5.074981296100 AA   28.243309281434  15.961103072477   9.590324736919 Bohr   0.0
[INPUT]127 C      7.194175265000   8.840067897700   0.407844469800 AA   13.595020942970  16.705307249213   0.770714349340 Bohr   0.0
[INPUT]128 C     -0.239451579300  17.196567809600   1.915186172200 AA   -0.452497904972  32.496803442656   3.619177343012 Bohr   0.0
[INPUT]129 C     -3.836837492600  10.286022943500   4.259798413400 AA   -7.250572045477  19.437766274208   8.049852347183 Bohr   0.0
[INPUT]130 C      3.996448224800  10.663513074300   6.595528853100 AA    7.552192615876  20.151119236146  12.463743179026 Bohr   0.0
[INPUT]131 C     10.981298032700   0.692318277200   1.999405005700 AA   20.751645774028   1.308291934939   3.778327872857 Bohr   0.0
[INPUT]132 C     15.822234632800   9.255595520800   4.345845032700 AA   29.899690134600  17.490540654063   8.212456891604 Bohr   0.0
[INPUT]133 C      6.075683531200   9.238025843500   6.678309608700 AA   11.481377893498  17.457338775869  12.620176135494 Bohr   0.0
[INPUT]134 C      0.018026109800  18.363566675700   2.642283353200 AA    0.034064410613  34.702111687263   4.993191881045 Bohr   0.0
[INPUT]135 C     -4.976001743300   9.932406519000   4.988566719900 AA   -9.403280490195  18.769528078755   9.427024854731 Bohr   0.0
[INPUT]136 C      4.896944632000   9.877907761200   0.312204906500 AA    9.253884201639  18.666540352384   0.589981768030 Bohr   0.0
[INPUT]137 C     11.258251029300   0.850159727100   0.616557121300 AA   21.275011086980   1.606569046354   1.165124099407 Bohr   0.0
[INPUT]138 C     15.528834854700   9.449413380300   2.973397794800 AA   29.345244908983  17.856803326568   5.618907491558 Bohr   0.0
[INPUT]139 C      6.089157915600   8.944585776600   5.291622687900 AA   11.506840789711  16.902817415454   9.999717634666 Bohr   0.0
[INPUT]140 C      0.355168297100  18.201865656900   4.009829933100 AA    0.671170809647  34.396541047668   7.577480379642 Bohr   0.0
[INPUT]141 C     -5.001735860500  10.299960260300   6.356982059200 AA   -9.451910923761  19.464103985871  12.012955070662 Bohr   0.0
[INPUT]142 C      4.590744172400   9.661801646800   1.679680695500 AA    8.675249193779  18.258158982324   3.174136491214 Bohr   0.0
[INPUT]143 C     11.332228494800   2.102155080000   0.028939038000 AA   21.414808236164   3.972497372563   0.054686856128 Bohr   0.0
[INPUT]144 C     14.411535327000   8.878820168700   2.383410671900 AA   27.233854802524  16.778538428108   4.503993412257 Bohr   0.0
[INPUT]145 C      7.134740594100   8.248306673600   4.707456920300 AA   13.482705692666  15.587040604526   8.895804322556 Bohr   0.0
[INPUT]146 C      0.435237256600  16.947425027500   4.596151454100 AA    0.822479214181  32.025991818575   8.685467475270 Bohr   0.0
[INPUT]147 C     -3.951232708100  10.991470113500   6.941888018000 AA   -7.466747672733  20.770868220857  13.118267141420 Bohr   0.0
[INPUT]148 C      3.452237720600  10.196851743200   2.266215282800 AA    6.523783808827  19.269257127442   4.282526223796 Bohr   0.0
[INPUT]149 C     10.593918654300   4.319550866600   3.071209467100 AA   20.019604842548   8.162768119002   5.803744763990 Bohr   0.0
[INPUT]150 C     12.918786022200   7.051048918800   5.424286042600 AA   24.412967443817  13.324551347443  10.250415041815 Bohr   0.0
[INPUT]151 C      9.380837995700   7.719578642800   0.767799687000 AA   17.727214630787  14.587889431934   1.450931126957 Bohr   0.0
[INPUT]152 C     -0.394811983100  14.743367370100   1.558102034100 AA   -0.746086518755  27.860926483338   2.944386118577 Bohr   0.0
[INPUT]153 C     -1.623937033400  11.348977858400   3.901285435900 AA   -3.068796236665  21.446459946129   7.372361007605 Bohr   0.0
[INPUT]154 C      1.933055672100  11.990548680300   6.237657184800 AA    3.652945803806  22.658853089032  11.787463738198 Bohr   0.0
[INPUT]155 C      4.438673975800  14.520600463600   0.764073437300 AA    8.387878170496  27.439958040436   1.443889535552 Bohr   0.0
[INPUT]156 C     -3.873752969100  15.569252709400   3.054559401700 AA   -7.320332185820  29.421623584909   5.772280700428 Bohr   0.0
[INPUT]157 C     -0.676004479100   7.904387608900   5.426393877600 AA   -1.277463324478  14.937127763227  10.254398272681 Bohr   0.0
[INPUT]158 C     15.398359770000   4.509525453700   3.886426827500 AA   29.098682732821   8.521768059248   7.344282307137 Bohr   0.0
[INPUT]159 C     10.357875636500  11.144437102700   6.258048695700 AA   19.573548185290  21.059933936544  11.825998109065 Bohr   0.0
[INPUT]160 C      5.627621146700  14.478608545500   5.621337857300 AA   10.634662700074  27.360604815782  10.622789003946 Bohr   0.0
[INPUT]161 C     -4.365798751600  16.663622346800   0.912947998400 AA   -8.250163955492  31.489682478634   1.725221682946 Bohr   0.0
[INPUT]162 C     -1.283422551700   6.885421254100   3.270442502100 AA   -2.425317124803  13.011560422508   6.180240635106 Bohr   0.0
[INPUT]163 C     16.596194071400   4.556061777800   6.033609526900 AA   31.362261505076   8.609708966641  11.401869548408 Bohr   0.0
[INPUT]164 C      9.709810773400  12.151137976700   1.397193070200 AA   18.348883083077  22.962322877765   2.640312245818 Bohr   0.0
[INPUT]165 C      6.611513240900  15.568890901400   6.077834422800 AA   12.493949294237  29.420939866879  11.485442489546 Bohr   0.0
[INPUT]166 C     -5.821726045200  16.945660072500   1.323738798300 AA  -11.001467797675  32.022656537002   2.501503789248 Bohr   0.0
[INPUT]167 C     -0.807431112500   5.495999743500   3.726233320200 AA   -1.525823667078  10.385934295895   7.041560451407 Bohr   0.0
[INPUT]168 C     17.576541973200   3.464314211700   5.571973755900 AA   33.214850546270   6.546605069552  10.529504371915 Bohr   0.0
[INPUT]169 C     10.177479033100  13.546798927000   0.950934159300 AA   19.232648011062  25.599739836582   1.797005123571 Bohr   0.0
[INPUT]170 C      5.397111935100  15.605601559300   1.300193776400 AA   10.199063420960  29.490312956162   2.457010146260 Bohr   0.0
[INPUT]171 C     -5.319805439900  15.798171036400   3.542596586100 AA  -10.052975317382  29.854216527832   6.694537317548 Bohr   0.0
[INPUT]172 C     -0.204475098600   6.536058612000   5.964583304600 AA   -0.386401935647  12.351360710785  11.271428892847 Bohr   0.0
[INPUT]173 C     16.352624142200   3.422575982900   3.347186650600 AA   30.901981046709   6.467731248195   6.325266057434 Bohr   0.0
[INPUT]174 C     10.832155340700  12.515940895200   5.731381308600 AA   20.469806932668  23.651700483172  10.830740988705 Bohr   0.0
[INPUT]175 C      6.772997698700  15.530650630600   0.604006979500 AA   12.799110692852  29.348676228138   1.141407768581 Bohr   0.0
[INPUT]176 C     -5.941110988100  17.035270073300   2.861643934600 AA  -11.227072643153  32.191994896536   5.407723302417 Bohr   0.0
[INPUT]177 C     -0.933048535300   5.371496504500   5.260365256000 AA   -1.763206192644  10.150657272564   9.940649649018 Bohr   0.0
[INPUT]178 C     17.731871883400   3.499913398500   4.035794585100 AA   33.508381535502   6.613877782861   7.626546460842 Bohr   0.0
[INPUT]179 C     10.080581318900  13.673053703700   6.423772692400 AA   19.049537869128  25.838326786463  12.139171075096 Bohr   0.0
[INPUT]180 C      3.034816735700  14.595320193000   1.399237642200 AA    5.734972468720  27.581157865104   2.644175926940 Bohr   0.0
[INPUT]181 C     -3.214995632000  14.329686778000   3.694545297000 AA   -6.075461236153  27.079183461221   6.981678766130 Bohr   0.0
[INPUT]182 C      0.082316687700   9.088049274300   6.063391053300 AA    0.155555995234  17.173924134979  11.458148476875 Bohr   0.0
[INPUT]183 C     13.992112992100   4.436612856100   3.257820287800 AA   26.441261459038   8.383983218753   6.156388106994 Bohr   0.0
[INPUT]184 C     11.124880727700   9.964549288800   5.624791443700 AA   21.022977743805  18.830269110562  10.629315336390 Bohr   0.0
[INPUT]185 N      4.321880711000  14.662357453700   6.300718833200 AA    8.167170886831  27.707839927968  11.906632982637 Bohr   0.0
[INPUT]186 N     -3.886101716400  15.430060323700   1.577838411900 AA   -7.343667936198  29.158588097311   2.981682467310 Bohr   0.0
[INPUT]187 N     -0.492324559300   7.936814386300   3.954239163100 AA   -0.930358581474  14.998405491615   7.472429049288 Bohr   0.0
[INPUT]188 N     15.288457713000   4.372697036800   5.359670845000 AA   28.890997944564   8.263199825249  10.128310014866 Bohr   0.0
[INPUT]189 N     10.523239938000  11.109390752200   0.724001505700 AA   19.886041425905  20.993705932434   1.368164559546 Bohr   0.0
[INPUT]190 N      2.963798416000  14.022263690300   2.789567948700 AA    5.600767294660  26.498238021100   5.271519428908 Bohr   0.0
[INPUT]191 N     -2.697862644200  14.569184380700   5.089131432300 AA   -5.098221519233  27.531768337814   9.617064618963 Bohr   0.0
[INPUT]192 N     -0.384907670100   9.434797341000   0.442686127600 AA   -0.727370079733  17.829183015265   0.836555540308 Bohr   0.0
[INPUT]193 N     13.922869549800   4.993016324700   1.860675366400 AA   26.310410317168   9.435433389165   3.516166849221 Bohr   0.0
[INPUT]194 N     10.673437374100   9.624460027400   4.227777250300 AA   20.169873444746  18.187593548610   7.989341118734 Bohr   0.0
[INPUT]195 O      8.372206817300   4.641129728000   6.755555549600 AA   15.821177942914   8.770464094497  12.766149808030 Bohr   0.0
[INPUT]196 O      6.326331862600   4.885875267100   5.772532324900 AA   11.955034593424   9.232966133605  10.908505139260 Bohr   0.0
[INPUT]197 H      6.700936554200   5.663814587500   3.038445118000 AA   12.662934865525  10.703058390691   5.741829117542 Bohr   0.0
[INPUT]198 H      7.041732415000   3.935849366400   4.732536258200 AA   13.306945706822   7.437677370039   8.943197402572 Bohr   0.0
[INPUT]199 H      8.502333603900   3.489105252000   4.037129088200 AA   16.067081931057   6.593453346062   7.629068306213 Bohr   0.0
[INPUT]200 H      7.834804990200   1.170701708300   3.838278845300 AA   14.805635670854   2.212305602247   7.253295807329 Bohr   0.0
[INPUT]201 H      7.819601214100   1.788079604500   5.505240696900 AA   14.776904697965   3.378980741426  10.403397166951 Bohr   0.0
[INPUT]202 H      5.551212907800   5.464187311200   0.936705243300 AA   10.490272054892  10.325817511492   1.770116369281 Bohr   0.0
[INPUT]203 H      4.914869822200   3.307141487800   1.779621301000 AA    9.287757901848   6.249591667129   3.362996864332 Bohr   0.0
[INPUT]204 H      4.886212316900   3.891442439000   3.447252121800 AA    9.233603065418   7.353760439219   6.514362392528 Bohr   0.0
[INPUT]205 H      4.061043232300   1.536857698100   3.347748024300 AA    7.674259489065   2.904240141838   6.326326899981 Bohr   0.0
[INPUT]206 H      5.534108671900   1.030561462700   2.529144484700 AA   10.457949733471   1.947478919034   4.779390405537 Bohr   0.0
[INPUT]207 H      5.359178255200   2.135613551900   5.392185488600 AA   10.127379155052   4.035724721001  10.189753786308 Bohr   0.0
[INPUT]208 H      5.712916856600   0.464745547200   4.951989924300 AA   10.795848231385   0.878241801819   9.357904728533 Bohr   0.0
[INPUT]209 H      8.204752973700   5.196341696000   2.238463297500 AA   15.504736040004   9.819662655098   4.230082572166 Bohr   0.0
[INPUT]210 H      7.370261393500   2.865760532300   1.951465818700 AA   13.927775500170   5.415502544635   3.687735938793 Bohr   0.0
[INPUT]211 C      6.867102798900   3.520940308800   2.673171699100 AA   12.976943559155   6.653612884574   5.051562395237 Bohr   0.0
[INPUT]212 C      7.318499612800   1.838559160500   4.535613382300 AA   13.829959910927   3.474373277155   8.571067099459 Bohr   0.0
[INPUT]213 C      5.824406328200   1.503478976100   4.627745189600 AA   11.006532798482   2.841163498871   8.745170982617 Bohr   0.0
[INPUT]214 C      5.366634674800   3.178274100400   2.765754290500 AA   10.141469745966   6.006067598554   5.226518136886 Bohr   0.0
[INPUT]215 C      5.132993666100   1.736873429400   3.266634095600 AA    9.699952228056   3.282215094600   6.173043789850 Bohr   0.0
[INPUT]216 C      7.133466640700   5.002699800100   2.282359453600 AA   13.480298269644   9.453732505605   4.313034285116 Bohr   0.0
[INPUT]217 C      7.114969561300   4.928743444800   6.779635313200 AA   13.445343855474   9.313975248917  12.811653966378 Bohr   0.0
[INPUT]218 N      7.492430223900   3.253261248400   4.030037268800 AA   14.158641130585   6.147772771137   7.615666709822 Bohr   0.0
[INPUT]219 N      6.550877463600   5.319281015100   0.981267873100 AA   12.379364281789  10.051984298137   1.854327534993 Bohr   0.0

nuclear repulsion = 1348.71492885647
number of shells = 336
number of NR pGTOs = 2304
number of NR cGTOs = 576
basis = gth-szv
ecp = {}
CPU time:         3.04
lattice vectors  a1 [41.486423799, 0.000000000, 0.000000000]
                 a2 [-20.743211899, 35.928280170, 0.000000000]
                 a3 [0.000000000, 0.000000000, 13.245577958]
dimension = 3
low_dim_ft_type = None
Cell volume = 19743
exp_to_discard = 0.1
rcut = 21.31940052177759 (nimgs = [1 1 2])
precision = 1e-08
pseudo = gth-pbe
ke_cutoff = 2737.7070550336634
    = [979 979 313] mesh (299992033 PWs)


******** <class 'pyscf.pbc.scf.hf.RHF'> ********
method = RHF
initial guess = minao
damping factor = 0
level_shift factor = 0
DIIS = <class 'pyscf.scf.diis.CDIIS'>
diis_start_cycle = 1
diis_space = 10
diis_damp = 0
SCF conv_tol = 1e-07
SCF conv_tol_grad = None
SCF max_cycles = 100
direct_scf = True
direct_scf_tol = 1e-13
chkfile to save SCF result = calc/pbc_hf/b_MOF_CO2_bound_gth-szv.chk
max_memory 50000 MB (current use 108 MB)
******** PBC SCF flags ********
kpt = [0. 0. 0.]
Exchange divergence treatment (exxdiv) = ewald
    madelung (= occupied orbital energy shift) = 0.05545506708896933
    Total energy shift due to Ewald probe charge = -1/2 * Nelec*madelung = -18.2447170723
DF object = <pyscf.pbc.df.df.GDF object at 0x7f1efc546910>
Set gradient conv threshold to 0.000316228
Initial guess from minao.


******** <class 'pyscf.pbc.df.rsdf_builder._RSNucBuilder'> ********
mesh = [69 69 23] (109503 PWs)
ke_cutoff = 13.257925556507836
omega = 0.4722249432276327
exclude_d_aux = False
exclude_dd_block = True
j2c_eig_always = False
has_long_range = True


******** <class 'pyscf.pbc.df.df.GDF'> ********
auxbasis = None
exp_to_discard = 0.1
_cderi_to_save = calc/pbc_hf/b_MOF_CO2_bound_gth-szv_cderi.h5
len(kpts) = 1
ETB for H: l = 0, exps = 0.3316473864 * 2^n , n = 0..5
ETB for O: l = 0, exps = 0.4272777264 * 2^n , n = 0..5
ETB for O: l = 1, exps = 0.4272777264 * 2^n , n = 0..5
ETB for O: l = 2, exps = 0.4272777264 * 2^n , n = 0..5
ETB for N: l = 0, exps = 0.3256445704 * 2^n , n = 0..5
ETB for N: l = 1, exps = 0.3256445704 * 2^n , n = 0..5
ETB for N: l = 2, exps = 0.3256445704 * 2^n , n = 0..5
ETB for C: l = 0, exps = 0.2375755314 * 2^n , n = 0..5
ETB for C: l = 1, exps = 0.2375755314 * 2^n , n = 0..5
ETB for C: l = 2, exps = 0.2375755314 * 2^n , n = 0..5
ETB for Mg: l = 0, exps = 1.138126092 * 2^n , n = 0..5
ETB for Mg: l = 1, exps = 1.138126092 * 2^n , n = 0..5
ETB for Mg: l = 2, exps = 1.138126092 * 2^n , n = 0..5

WARN: Even tempered Gaussians are generated as DF auxbasis for  H C Mg O N

Drop 0 primitive fitting functions
make aux basis, num shells = 2718, num cGTOs = 6930
auxcell.rcut 13.579969116844692


******** <class 'pyscf.pbc.df.rsdf_builder._RSGDFBuilder'> ********
mesh = [35 35 13] (15925 PWs)
ke_cutoff = 3.314481389126959
omega = 0.2351157401196871
exclude_d_aux = True
exclude_dd_block = True
j2c_eig_always = False
has_long_range = True
init E= -1311.20393522853
  HOMO = -0.0291083039340543  LUMO = 0.0706823464683486  gap/eV = 2.71544
cycle= 1 E= -1289.16145205769  delta_E=   22  |g|= 3.18  |ddm|=  183
  HOMO = 0.14666484530868  LUMO = 0.180729168215201  gap/eV = 0.92694
cycle= 2 E= -1290.15472482532  delta_E= -0.993  |g|= 2.85  |ddm|= 8.74
  HOMO = -0.0941271073442222  LUMO = 0.219835186007145  gap/eV = 8.54335
cycle= 3 E= -1292.52607897757  delta_E= -2.37  |g|= 0.493  |ddm|= 4.77
  HOMO = -0.107840294079856  LUMO = 0.239764671157797  gap/eV = 9.45881
cycle= 4 E= -1292.61414630665  delta_E= -0.0881  |g|= 0.161  |ddm|= 0.997
  HOMO = -0.112583846211284  LUMO = 0.239144707201941  gap/eV = 9.57102
cycle= 5 E= -1292.62596330829  delta_E= -0.0118  |g|= 0.0517  |ddm|= 0.359
  HOMO = -0.1135312529835  LUMO = 0.242448847096745  gap/eV = 9.68671
cycle= 6 E= -1292.62760603918  delta_E= -0.00164  |g|= 0.0195  |ddm|= 0.128
  HOMO = -0.113792792936987  LUMO = 0.241785684059022  gap/eV = 9.67578
cycle= 7 E= -1292.62791083664  delta_E= -0.000305  |g|= 0.00671  |ddm|= 0.0638
  HOMO = -0.11423078958193  LUMO = 0.242073833898903  gap/eV = 9.69554
cycle= 8 E= -1292.62794808494  delta_E= -3.72e-05  |g|= 0.00254  |ddm|= 0.0241
  HOMO = -0.114207899612013  LUMO = 0.242020833173068  gap/eV = 9.69348
cycle= 9 E= -1292.62795163801  delta_E= -3.55e-06  |g|= 0.000793  |ddm|= 0.00681
  HOMO = -0.114232895703386  LUMO = 0.242051088651309  gap/eV = 9.69498
cycle= 10 E= -1292.62795212261  delta_E= -4.85e-07  |g|= 0.000293  |ddm|= 0.0028
  HOMO = -0.114227042669158  LUMO = 0.242041557275407  gap/eV = 9.69456
cycle= 11 E= -1292.62795218523  delta_E= -6.26e-08  |g|= 0.000112  |ddm|= 0.000921
  HOMO = -0.114225355076141  LUMO = 0.242044595926023  gap/eV = 9.69460
Extra cycle  E= -1292.62795219383  delta_E= -8.6e-09  |g|= 5.84e-05  |ddm|= 0.000295
converged SCF energy = -1292.62795219383
