Discarded 12 diffused primitive functions, 12 contracted functions
#INFO: **** input file is /home/seyoung/mof-co2-quantum/scripts/pbc_hf_mof.py ****
"""
주기 HF (Γ점, GDF) — 216/219원자 MOF 계.
사용: OMP_NUM_THREADS=24 python scripts/pbc_hf_mof.py <name> <basis>
  name : a_MOF | b_MOF_CO2_bound | c_MOF_CO2_free | d_CO2_box
  basis: gth-szv | gth-dzvp
결과: calc/pbc_hf/<name>_<basis>.chk (오비탈 저장, 뒤 단계에서 재사용), 같은 이름 .log
"""
import sys, os, time
from ase.io import read
from pyscf.pbc import gto, scf
from pyscf import lib

name, basis = sys.argv[1], sys.argv[2]
os.makedirs("calc/pbc_hf", exist_ok=True)
tag = f"calc/pbc_hf/{name}_{basis}"

atoms = read(f"structures/02_relaxed/{name}_relaxed.cif")
cell = gto.Cell()
cell.atom = [(s, tuple(p)) for s, p in zip(atoms.get_chemical_symbols(), atoms.positions)]
cell.a = atoms.cell[:]
cell.unit = "Angstrom"
cell.basis = basis
cell.pseudo = "gth-pbe"
cell.exp_to_discard = 0.1
cell.verbose = 4
cell.output = tag + ".log"
cell.max_memory = 100000               # MB (워크스테이션 125 GB 중 100 GB)
cell.build()
print(f"{name} {basis}: 원자 {cell.natm}, 기저함수 {cell.nao}, 전자 {cell.nelectron}, 스레드 {lib.num_threads()}")

t0 = time.time()
mf = scf.RHF(cell).density_fit()
mf.with_df._cderi_to_save = tag + "_cderi.h5"   # 3중심 적분을 디스크에
mf.chkfile = tag + ".chk"
mf.conv_tol = 1e-7
mf.max_cycle = 100
mf.diis_space = 10
e_hf = mf.kernel()
dt = time.time() - t0
print(f"HF = {e_hf:.8f} Ha   converged={mf.converged}   {dt/60:.1f} min")
print(f"HOMO-LUMO gap = {(mf.mo_energy[cell.nelectron//2]-mf.mo_energy[cell.nelectron//2-1])*27.2114:.2f} eV")
with open("calc/pbc_hf/summary.txt", "a") as f:
    f.write(f"{name}\t{basis}\tnao={cell.nao}\tE={e_hf:.8f}\tconv={mf.converged}\t{dt/60:.1f}min\n")#INFO: ******************** input file end ********************


System: uname_result(system='Linux', node='stl-Precision-7920-Tower', release='6.17.0-35-generic', version='#35~24.04.1-Ubuntu SMP PREEMPT_DYNAMIC Tue May 26 19:30:42 UTC 2', machine='x86_64')  Threads 24
Python 3.11.16 (main, Aug 27 2026, 14:44:21) [GCC 14.3.0]
numpy 2.4.6  scipy 1.17.1  h5py 3.16.0
Date: Fri Sep 18 03:56:16 2026
PySCF version 2.14.0
PySCF path  /home/seyoung/miniconda3/envs/mof/lib/python3.11/site-packages/pyscf

[CONFIG] conf_file None
[INPUT] verbose = 4
[INPUT] num. atoms = 219
[INPUT] num. electrons = 658
[INPUT] charge = 0
[INPUT] spin (= nelec alpha-beta = 2S) = 0
[INPUT] symmetry False subgroup None
[INPUT] Mole.unit = Angstrom
[INPUT] Symbol           X                Y                Z      unit          X                Y                Z       unit  Magmom
[INPUT]  1 Mg    10.231890933200   5.426610233200   5.829611013400 AA   19.335471600168  10.254807125510  11.016368228074 Bohr   0.0
[INPUT]  2 Mg    12.138080269200   6.147813446700   1.156759164500 AA   22.937647386775  11.617683679181   2.185958012986 Bohr   0.0
[INPUT]  3 Mg    10.560451121800   7.438115793000   3.493243834200 AA   19.956360372058  14.056001731572   6.601274132964 Bohr   0.0
[INPUT]  4 Mg    -0.744877512000  13.585792589600   5.852500835500 AA   -1.407614494027  25.673427179490  11.059623722883 Bohr   0.0
[INPUT]  5 Mg    -0.416363148200  11.574382593400   1.179648986600 AA   -0.786812318460  21.872413162459   2.229213507795 Bohr   0.0
[INPUT]  6 Mg     1.161371672200  12.864676843300   3.516016165800 AA    2.194674389286  24.310715914871   6.644307602905 Bohr   0.0
[INPUT]  7 O     11.451183290300   4.459840059200   0.181177936500 AA   21.639600220863   8.427876271252   0.342376679799 Bohr   0.0
[INPUT]  8 O     12.365759132200   7.687038873200   2.517615005900 AA   23.367898082197  14.526398179233   4.757602848246 Bohr   0.0
[INPUT]  9 O      9.113591657100   6.865494877600   4.854022285600 AA   17.222192243040  12.973905028268   9.172772722319 Bohr   0.0
[INPUT] 10 O      0.474291378100  14.552580982100   4.491644994100 AA    0.896280807852  27.500392461723   8.487978887623 Bohr   0.0
[INPUT] 11 O     -1.863256857000  12.146935662400   6.828082063500 AA   -3.521045159448  22.954381654648  12.903205056070 Bohr   0.0
[INPUT] 12 O      1.388897145100  11.325349333600   2.155237714400 AA    2.624635219429  21.401808505529   4.072809013550 Bohr   0.0
[INPUT] 13 O     10.812098468000   5.483208103800   2.653716913800 AA   20.431904936349  10.361761600178   5.014798179208 Bohr   0.0
[INPUT] 14 O     11.799059352000   6.621889917900   4.990107483100 AA   22.296990702768  12.513558371850   9.429936475202 Bohr   0.0
[INPUT] 15 O     10.319390842500   6.907286449500   0.317263912100 AA   19.500822464670  13.052879653474   0.599541903077 Bohr   0.0
[INPUT] 16 O     -0.164804786000  13.529230098500   2.019152516900 AA   -0.311435909558  25.566539562387   3.815645260667 Bohr   0.0
[INPUT] 17 O     -0.657451721800  12.105155993300   4.355543086200 AA   -1.242403694326  22.875429522474   8.230783556661 Bohr   0.0
[INPUT] 18 O      0.822190115300  12.390497845900   6.691996087900 AA    1.553714140242  23.414647475764  12.646039832792 Bohr   0.0
[INPUT] 19 O     10.227637363600   4.056945302200   4.279591604200 AA   19.327433518573   7.666515523499   8.087256056926 Bohr   0.0
[INPUT] 20 O     13.326426580100   6.828908074800   6.616018795200 AA   25.183296455513  12.904765991203  12.502463557903 Bohr   0.0
[INPUT] 21 O      9.376376915900   8.126430650900   1.943210929100 AA   17.718784411745  15.356728300472   3.672136458261 Bohr   0.0
[INPUT] 22 O     -0.749205417100  14.955477997400   0.393241204800 AA   -1.415793049360  28.261757477045   0.743118177966 Bohr   0.0
[INPUT] 23 O     -1.600400988300  10.885866428700   2.729668395800 AA   -3.024319557370  20.571306178840   5.158325678943 Bohr   0.0
[INPUT] 24 O      2.349506927800  12.183395930000   5.066049070900 AA    4.439924621310  23.023281574841   9.573445277608 Bohr   0.0
[INPUT] 25 H     10.577246829600   1.758366118000   3.779249554200 AA   19.988099659868   3.322830389735   7.141746613823 Bohr   0.0
[INPUT] 26 H     15.142262376900   8.280989295200   6.115673215100 AA   28.614728798647  15.648801808383  11.556947443877 Bohr   0.0
[INPUT] 27 H      7.211011497400   8.973109255500   1.442823663300 AA   13.626836811176  16.956718978695   2.726541569679 Bohr   0.0
[INPUT] 28 H     -0.399584090300  17.254078536700   0.893586784900 AA   -0.755104494400  32.605482966099   1.688634291992 Bohr   0.0
[INPUT] 29 H     -3.765833687400  10.039347515600   3.230010445800 AA   -7.116394299847  18.971617273817   6.103835122046 Bohr   0.0
[INPUT] 30 H      4.165434817500  10.731473771500   5.566436336700 AA    7.871530994803  20.279546341088  10.519040166190 Bohr   0.0
[INPUT] 31 H      0.803620281100  18.980321874100   0.061106932400 AA    1.518622239425  35.867610098140   0.115475366548 Bohr   0.0
[INPUT] 32 H     -5.862418341500  10.218203676200   2.397507903300 AA  -11.078365093062  19.309606433042   4.530633318717 Bohr   0.0
[INPUT] 33 H      5.058824250400   8.826373824500   4.733927671400 AA    9.559792345564  16.679429201335   8.945826792446 Bohr   0.0
[INPUT] 34 H     11.780433135400   0.032098626700   4.611752096700 AA   22.261792254657   0.060657613438   8.714948417152 Bohr   0.0
[INPUT] 35 H     16.035630774500  10.186116515400   6.948153067600 AA   30.302950398452  19.248970487015  13.130106369321 Bohr   0.0
[INPUT] 36 H      5.114451830100   8.794257226400   2.275332328600 AA    9.664913236170  16.618737626873   4.299754943423 Bohr   0.0
[INPUT] 37 H     11.870482619000   2.209566654100   6.037334688500 AA   22.431961116320   4.175475830221  11.408909083601 Bohr   0.0
[INPUT] 38 H     14.104860061800   9.175354098200   1.364496027800 AA   26.654322542118  17.338906341504   2.578523790599 Bohr   0.0
[INPUT] 39 H      6.955154296500   7.627539080800   3.700902699900 AA   13.143336774477  14.413959867129   6.993692516474 Bohr   0.0
[INPUT] 40 H      0.893659706900  16.802844179400   5.644763972200 AA    1.688772094600  31.752773612808  10.667057945270 Bohr   0.0
[INPUT] 41 H     -4.021700455600  11.384922830300   0.971925311500 AA   -7.599912416123  21.514386098575   1.836672652268 Bohr   0.0
[INPUT] 42 H      3.128065464100   9.837109848300   3.308357300100 AA    5.911187026860  18.589443470549   6.251889219395 Bohr   0.0
[INPUT] 43 H      2.721585084400  15.549406811400   1.481633914800 AA    5.143050434217  29.384120272992   2.799882315839 Bohr   0.0
[INPUT] 44 H     -3.850046025600  13.594688374000   3.818083527400 AA   -7.275532555354  25.690237775669   7.215132187499 Bohr   0.0
[INPUT] 45 H      1.128520929300   8.880870381500   6.154435381800 AA    2.132595482217  16.782412768797  11.630197322935 Bohr   0.0
[INPUT] 46 H     13.698368501300   3.463106523100   3.191176472600 AA   25.886164820826   6.544322868854   6.030449548370 Bohr   0.0
[INPUT] 47 H     12.105388770200  10.131665227300   5.527626085200 AA   22.875869407063  19.146072465376  10.445699420030 Bohr   0.0
[INPUT] 48 H      7.126798893500   5.417762984100   0.854824618200 AA   13.467698053568  10.238088247755   1.615384412934 Bohr   0.0
[INPUT] 49 H      3.624356399100  14.147033076000   5.901294757400 AA    6.849040972114  26.734017988803  11.151830871818 Bohr   0.0
[INPUT] 50 H     -3.086797301700  15.077394573700   1.228479595600 AA   -5.833201502259  28.492146416296   2.321489985300 Bohr   0.0
[INPUT] 51 H     -0.537066494000   8.800552493400   3.564765588300 AA   -1.014908584340  16.630633957384   6.736430660161 Bohr   0.0
[INPUT] 52 H     14.600805374600   4.865452407300   5.780780404400 AA   27.591523356072   9.194372521903  10.924091750568 Bohr   0.0
[INPUT] 53 H     10.439511832400  10.212301252000   1.107965242600 AA   19.727818237392  19.298452467833   2.093750864051 Bohr   0.0
[INPUT] 54 H      7.890035273700   3.935163019400   3.444494411700 AA   14.910005780451   7.436380362183   6.509151075708 Bohr   0.0
[INPUT] 55 H      6.003587707900  13.641658732500   5.637711037800 AA   11.345136532736  25.778998889206  10.653729830879 Bohr   0.0
[INPUT] 56 H     -3.838672807900  17.390673293000   0.964853365900 AA   -7.254040288746  32.863609645558   1.823308611916 Bohr   0.0
[INPUT] 57 H     -2.164642932900   6.992668861500   3.301229103400 AA   -4.090582300656  13.214229028009   6.238418879869 Bohr   0.0
[INPUT] 58 H     16.980101264600   5.370948478000   6.044406634100 AA   32.087740957475  10.149621652570  11.422273123953 Bohr   0.0
[INPUT] 59 H      8.812229158200  12.020088835200   1.371548962200 AA   16.652699655905  22.714675891470   2.591851904989 Bohr   0.0
[INPUT] 60 H      7.138150340800   1.621698660700   3.708030896600 AA   13.489149180083   3.064566325297   7.007162855999 Bohr   0.0
[INPUT] 61 H      5.401386482400  14.896427349500   4.535288589700 AA   10.207141144664  28.150167925036   8.570453330398 Bohr   0.0
[INPUT] 62 H     -4.624513571300  16.241896695600   6.871821121200 AA   -8.739064109091  30.692736498162  12.985859896070 Bohr   0.0
[INPUT] 63 H     -0.776818238000   6.886618063400   2.198895650600 AA   -1.467973718387  13.013822064309   4.155310556131 Bohr   0.0
[INPUT] 64 H     16.378151929700   4.116002115000   0.137438878800 AA   30.950221573650   7.778116725481   0.259721839799 Bohr   0.0
[INPUT] 65 H     10.199991269200  12.125951584200   2.473971410300 AA   19.275189971743  22.914727493874   4.675128405471 Bohr   0.0
[INPUT] 66 H      6.352395308100   2.770564703400   4.810364349400 AA   12.004287367281   5.235608499813   9.090271179738 Bohr   0.0
[INPUT] 67 H      5.035688758700  16.431163947200   1.362805368300 AA    9.516072602494  31.050399768035   2.575328907174 Bohr   0.0
[INPUT] 68 H     -5.770510230300  15.157786617500   3.699216641800 AA  -10.904683934268  28.644065361672   6.990506328435 Bohr   0.0
[INPUT] 69 H      0.734955330600   6.436056566200   6.035679717400 AA    1.388864288623  12.162384232327  11.405781641478 Bohr   0.0
[INPUT] 70 H     16.012283391100   2.581484856400   3.310043358200 AA   30.258830238101   4.878299373308   6.255075407434 Bohr   0.0
[INPUT] 71 H     11.711961012700  12.576616364100   5.646454631700 AA   22.132398695587  23.766360501872  10.670252828695 Bohr   0.0
[INPUT] 72 H      5.206310821200   3.854518270100   0.973580282600 AA    9.838501571427   7.283983872621   1.839800094391 Bohr   0.0
[INPUT] 73 H      5.601093058500  15.153943235300   2.450481557900 AA   10.584531878767  28.636802421922   4.630739017729 Bohr   0.0
[INPUT] 74 H     -4.947300694500  16.286095719500   4.786918285300 AA   -9.349043368476  30.776260548306   9.045964539890 Bohr   0.0
[INPUT] 75 H     -0.653779722300   6.584947940100   0.114012325000 AA   -1.235464620941  12.443748151308   0.215452069075 Bohr   0.0
[INPUT] 76 H     16.577822968800   3.858559778100   2.222341714700 AA   31.327545152556   7.291621215872   4.199617195979 Bohr   0.0
[INPUT] 77 H     10.323153280100  12.427660495200   4.558778442100 AA   19.507932441294  23.484874705005   8.614842718140 Bohr   0.0
[INPUT] 78 H      6.029622059900   2.726284122000   6.895247675000 AA   11.394334327847   5.151930328330  13.030129666794 Bohr   0.0
[INPUT] 79 H      7.273647439900  14.405055247900   0.806946062500 AA   13.745201588055  27.221609227760   1.524907055421 Bohr   0.0
[INPUT] 80 H     -5.134717838100  18.108858835500   3.143462361200 AA   -9.703210440928  34.220783627505   5.940282945547 Bohr   0.0
[INPUT] 81 H     -2.138739421400   5.511665459300   5.479721238700 AA   -4.041631758257  10.415538208302  10.355172380105 Bohr   0.0
[INPUT] 82 H     18.250090704100   4.607633328700   3.865797638800 AA   34.487673179220   8.707165073661   7.305298790322 Bohr   0.0
[INPUT] 83 H      8.838320067700  13.501691085100   6.202313937500 AA   16.702004329200  25.514498369321  11.720674680448 Bohr   0.0
[INPUT] 84 H      5.842612015600   0.903630058700   1.529538761300 AA   11.040936561577   1.707613328868   2.890409355763 Bohr   0.0
[INPUT] 85 H      7.500204249300  16.125607762200   1.103541222700 AA   14.173331909476  30.472982262718   2.085390678071 Bohr   0.0
[INPUT] 86 H     -6.737177549400  17.444273527700   3.441726591000 AA  -12.731420420934  32.964899409353   6.503920652623 Bohr   0.0
[INPUT] 87 H     -0.762231559900   4.455829754700   5.778086933300 AA   -1.440408891711   8.420297894071  10.919001827865 Bohr   0.0
[INPUT] 88 H     18.475772800300   2.887569856300   3.567533409000 AA   34.914150532255   5.456716193957   6.741661083246 Bohr   0.0
[INPUT] 89 H     10.215083848900  14.558171294600   5.905718777300 AA   19.303710813889  27.510956621299  11.160191057798 Bohr   0.0
[INPUT] 90 H      4.239977542500   1.567802982900   1.231173066700 AA    8.012396329631   2.962718254957   2.326579908004 Bohr   0.0
[INPUT] 91 H      6.257181752300  16.676696708800   6.016350599500 AA   11.824359823473  31.514389442068  11.369254902418 Bohr   0.0
[INPUT] 92 H     -6.593644253800  16.092736489400   1.342974174500 AA  -12.460181802494  30.410864559761   2.537853382169 Bohr   0.0
[INPUT] 93 H      0.336912865700   5.256102836300   3.679601493400 AA    0.636673044015   9.932594843157   6.953439070067 Bohr   0.0
[INPUT] 94 H     17.233540743100   2.336104817400   5.666285825500 AA   32.566672160992   4.414598303163  10.707728353700 Bohr   0.0
[INPUT] 95 H     11.313852125000  13.757226708100   0.992909400500 AA   21.380081930078  25.997390711861   1.876326833451 Bohr   0.0
[INPUT] 96 H      4.383462148400   2.919826518600   3.329658506600 AA    8.283542937874   5.517672451396   6.292142665802 Bohr   0.0
[INPUT] 97 H      7.568592513400  15.555425158500   5.630484948600 AA   14.302566998760  29.395493300734  10.640074501340 Bohr   0.0
[INPUT] 98 H     -6.278131228900  17.788678594100   0.956758370100 AA  -11.863948596700  33.615730660762   1.808011286874 Bohr   0.0
[INPUT] 99 H     -1.290053153400   4.681642882600   3.293042733500 AA   -2.437847146058   8.847022861133   6.222948882804 Bohr   0.0
[INPUT]100 H     18.544513176800   3.457318164400   6.052501629900 AA   35.044051017540   6.533384456200  11.437570448995 Bohr   0.0
[INPUT]101 H      9.687097097200  14.332305966800   1.378775051400 AA   18.305960455777  27.084133010722   2.605507234529 Bohr   0.0
[INPUT]102 H      4.699448244500   1.223602638300   3.716217266500 AA    8.880670118673   2.312273871682   7.022632853065 Bohr   0.0
[INPUT]103 H      2.336940467400  13.983796082200   0.785885284400 AA    4.416177452799  26.425544777124   1.485107952842 Bohr   0.0
[INPUT]104 H     -2.301784016600  14.044244443000   3.122392475100 AA   -4.349741389275  26.539775623715   5.900466631342 Bohr   0.0
[INPUT]105 H     -0.034903082800   9.996978743700   5.458738525000 AA   -0.065957267395  18.891551898691  10.315520797862 Bohr   0.0
[INPUT]106 H     13.313564472900   5.028718789000   3.886867524900 AA   25.158990595520   9.502901268664   7.345115104527 Bohr   0.0
[INPUT]107 H     10.941852414800   9.015747852900   6.223374715600 AA   20.677104359383  17.037294250116  11.760473783027 Bohr   0.0
[INPUT]108 H      8.675089094500   4.968262415400   1.550521475000 AA   16.393542494806   9.388655280076   2.930060938007 Bohr   0.0
[INPUT]109 H      4.833959044600  13.414476742200   0.877447555800 AA    9.134858691658  25.349687147106   1.658135569131 Bohr   0.0
[INPUT]110 H     -3.057164173500  16.491454939700   3.213876330700 AA   -5.777203005747  31.164333231639   6.073346063245 Bohr   0.0
[INPUT]111 H     -1.776589110900   8.119209359400   5.550196156100 AA   -3.357266855486  15.343082037271  10.488350672643 Bohr   0.0
[INPUT]112 H     15.810601009900   5.598145632100   3.795383669300 AA   29.877705773483  10.578962050099   7.172235672624 Bohr   0.0
[INPUT]113 H      9.200298114900  10.893569704600   6.131812444200 AA   17.386043701513  20.585863260553  11.587446166738 Bohr   0.0
[INPUT]114 H      7.919736119300   2.521033377500   1.459063843900 AA   14.966132244303   4.764062634362   2.757231063226 Bohr   0.0
[INPUT]115 H      3.697846541300  13.152855636400   2.849437737000 AA    6.987917213727  24.855294908738   5.384656931930 Bohr   0.0
[INPUT]116 H     -2.262675810900  15.638353855100   5.185959533900 AA   -4.275837591279  29.552205825175   9.800043212148 Bohr   0.0
[INPUT]117 H     -1.435030751200   9.233640912900   0.513019989000 AA   -2.711815100097  17.449052457960   0.969467275637 Bohr   0.0
[INPUT]118 H     14.674549617400   5.859642194700   1.823300466100 AA   27.730879778227  11.073118935928   3.445538523721 Bohr   0.0
[INPUT]119 H      9.541783842800   9.778856862300   4.159822263000 AA   18.031358202692  18.479361281071   7.860924803938 Bohr   0.0
[INPUT]120 H      8.714082975700   3.374047370700   6.496240011000 AA   16.467230250808   6.376025461932  12.276114460232 Bohr   0.0
[INPUT]121 H      3.286960510800  14.599888732600   3.477770230100 AA    6.211455147672  27.589791153737   6.572033259055 Bohr   0.0
[INPUT]122 H     -3.310464445400  14.559021165200   5.814243027800 AA   -6.255871146916  27.512562643974  10.987326944204 Bohr   0.0
[INPUT]123 H      0.023613425500   8.865965869000   1.141279248000 AA    0.044622907058  16.754247322151   2.156705210370 Bohr   0.0
[INPUT]124 H     14.263714405900   4.412564274500   1.195016972200 AA   26.954513746164   8.338537985845   2.258254791665 Bohr   0.0
[INPUT]125 H     11.000394279500  10.146535669800   3.531489769900 AA   20.787732450487  19.174173529052   6.673548476814 Bohr   0.0
[INPUT]126 H      7.666344959000   4.453432760800   5.867980752000 AA   14.487292348950   8.415768232078  11.088876525499 Bohr   0.0
[INPUT]127 C     11.318881470600   3.278392217300   0.802581338200 AA   21.389586015848   6.195263419603   1.516658921885 Bohr   0.0
[INPUT]128 C     13.455079544000   8.163194374800   3.138995996200 AA   25.426415322398  15.426201669962   5.931842738924 Bohr   0.0
[INPUT]129 C      8.156568391900   7.570808122000   5.475420185800 AA   15.413680376975  14.306753892213  10.347044568077 Bohr   0.0
[INPUT]130 C      0.341993932700  15.734037882500   3.870264003800 AA    0.646274869066  29.733022431457   7.313738996945 Bohr   0.0
[INPUT]131 C     -2.820269791500  11.441635004700   6.206678661800 AA   -5.329537503319  21.621556576120  11.728922813984 Bohr   0.0
[INPUT]132 C      2.478227965000  10.849199496100   1.533839814200 AA    4.683172128088  20.502015718398   2.898537167792 Bohr   0.0
[INPUT]133 C     10.950118853500   3.127718893500   2.186037087400 AA   20.692725664551   5.910532103343   4.131011393328 Bohr   0.0
[INPUT]134 C     13.769960456600   7.919173569000   4.522449497300 AA   26.021454009065  14.965069178304   8.546190962074 Bohr   0.0
[INPUT]135 C      8.210451254800   7.965493221200   6.858877538300 AA   15.515504230664  15.052600635148  12.961400069318 Bohr   0.0
[INPUT]136 C     -0.026774740600  15.884722349000   2.486810502700 AA   -0.050596926790  30.017774804368   4.699390773795 Bohr   0.0
[INPUT]137 C     -2.766375409100  11.046940548200   4.823222912600 AA   -5.227691880931  20.875692150451   9.114570342541 Bohr   0.0
[INPUT]138 C      2.793093855800  11.093205973800   0.150382461700 AA    5.278182427667  20.963121133871   0.284181666551 Bohr   0.0
[INPUT]139 C     10.875872628300   1.830784602500   2.741127872300 AA   20.552420633141   3.459681491796   5.179980951059 Bohr   0.0
[INPUT]140 C     14.930248657600   8.503365559400   5.077540940800 AA   28.214080934519  16.069032044325   9.595161764378 Bohr   0.0
[INPUT]141 C      7.124403028500   8.678264994200   0.404706232300 AA   13.463170524887  16.399544075438   0.764783939952 Bohr   0.0
[INPUT]142 C     -0.100993736600  17.181657402000   1.931719059200 AA   -0.190850502470  32.468626855886   3.650419971490 Bohr   0.0
[INPUT]143 C     -3.852430339500  10.334174285700   4.268132127700 AA   -7.280038255620  19.528759123496   8.065600784810 Bohr   0.0
[INPUT]144 C      3.953396431500  10.509046506500   6.604553767700 AA    7.470836517368  19.859219727602  12.480797795917 Bohr   0.0
[INPUT]145 C     11.166804574200   0.671265774700   2.016352559200 AA   21.102202331778   1.268508470977   3.810354107454 Bohr   0.0
[INPUT]146 C     15.788942162200   9.335088192500   4.352760295100 AA   29.836776483156  17.640760032486   8.225524843620 Bohr   0.0
[INPUT]147 C      5.974772223500   9.006079785300   6.689185638300 AA   11.290683159074  17.019024250199  12.640728852761 Bohr   0.0
[INPUT]148 C      0.189952440200  18.341169107500   2.656499704900 AA    0.358958088671  34.659786417508   5.020056892249 Bohr   0.0
[INPUT]149 C     -5.002069073500  10.006369327800   4.992907440800 AA   -9.452540605072  18.909297530790   9.435227628415 Bohr   0.0
[INPUT]150 C      4.812107770900   9.677344419900   0.320074361700 AA    9.093565768892  18.287530566699   0.604852883108 Bohr   0.0
[INPUT]151 C     11.515860567600   0.836868110100   0.652768731900 AA   21.761822561442   1.581451530471   1.233554125971 Bohr   0.0
[INPUT]152 C     15.470996097500   9.554561519000   2.989172988400 AA   29.235945498490  18.055504511218   5.648718287024 Bohr   0.0
[INPUT]153 C      5.943672871600   8.621003404800   5.325597938400 AA   11.231913901331  16.291335354015  10.063921553124 Bohr   0.0
[INPUT]154 C      0.538994948800  18.175556401800   4.020087011600 AA    1.018552835756  34.346823760987   7.596863448845 Bohr   0.0
[INPUT]155 C     -5.033181240800  10.391461853100   6.356491268100 AA   -9.511334080411  19.637016936224  12.012027609898 Bohr   0.0
[INPUT]156 C      4.494171518900   9.457873400900   1.683662061600 AA    8.492753327542  17.872790448510   3.181660182745 Bohr   0.0
[INPUT]157 C     11.575542057300   2.092531828700   0.065639121100 AA   21.874604231681   3.954312063178   0.124039961936 Bohr   0.0
[INPUT]158 C     14.353717909100   8.978411223400   2.402046183700 AA   27.124595717464  16.966738245947   4.539209425750 Bohr   0.0
[INPUT]159 C      7.001262884800   7.941470910200   4.738472075900 AA   13.230469378354  15.007205046478   8.954414472350 Bohr   0.0
[INPUT]160 C      0.598673250600  16.919889959800   4.607213816300 AA    1.131328481737  31.973958081800   8.706372310119 Bohr   0.0
[INPUT]161 C     -3.975585306700  11.070979398700   6.943620878900 AA   -7.512767414508  20.921118994245  13.121541773933 Bohr   0.0
[INPUT]162 C      3.376884109300  10.034006971800   2.270787924100 AA    6.381386120973  18.961525108678   4.291167263519 Bohr   0.0
[INPUT]163 C     10.647626928900   4.277655128800   3.090280825500 AA   20.121098772165   8.083596648773   5.839784408190 Bohr   0.0
[INPUT]164 C     12.925318104100   7.082258995400   5.426696368400 AA   24.425311289632  13.383529844543  10.254969897448 Bohr   0.0
[INPUT]165 C      9.357557479700   7.652461537100   0.753866355700 AA   17.683220831508  14.461056483887   1.424600946797 Bohr   0.0
[INPUT]166 C     -0.329242845900  14.734783327900   1.582563631600 AA   -0.622178807223  27.844704994538   2.990611838421 Bohr   0.0
[INPUT]167 C     -1.619255454300  11.359942974800   3.918979174500 AA   -3.059949334335  21.467181013049   7.405797327679 Bohr   0.0
[INPUT]168 C      1.948447352800  11.930113263300   6.255393644300 AA    3.682031864926  22.544646702678  11.820980789072 Bohr   0.0
[INPUT]169 C      4.448674320000  14.449381990900   0.750378013800 AA    8.406776082186  27.305374632024   1.418008935977 Bohr   0.0
[INPUT]170 C     -3.760702069000  15.640283558500   3.086788393300 AA   -7.106696946495  29.555852436103   5.833184667823 Bohr   0.0
[INPUT]171 C     -0.687687397100   7.935497287300   5.423188257100 AA   -1.299540839834  14.995916535226  10.248340527876 Bohr   0.0
[INPUT]172 C     15.425233918600   4.563278251400   3.922471606700 AA   29.149467513506   8.623346125330   7.412397068046 Bohr   0.0
[INPUT]173 C     10.289194713100  11.077355969700   6.258881986200 AA   19.443760050082  20.933168967049  11.827572799892 Bohr   0.0
[INPUT]174 C      7.216185941000   3.372193887900   1.586071742900 AA   13.636615092427   6.372522887063   2.997241207993 Bohr   0.0
[INPUT]175 C      5.591214452700  14.668579443700   5.587148639200 AA   10.565864019313  27.719597785018  10.558180745324 Bohr   0.0
[INPUT]176 C     -4.521794036100  16.520068503200   0.914390458500 AA   -8.544952319921  31.218405030101   1.727947537480 Bohr   0.0
[INPUT]177 C     -1.069089948800   6.836554104000   3.250724964000 AA   -2.020287205757  12.919214892331   6.142979888247 Bohr   0.0
[INPUT]178 C     16.567696014100   4.344045745600   6.094869541500 AA   31.308407981697   8.209056731766  11.517634198388 Bohr   0.0
[INPUT]179 C      9.907755209400  12.176423475800   1.422111360800 AA   18.722943854999  23.010105545987   2.687400990545 Bohr   0.0
[INPUT]180 C      6.455174502800   2.492417997400   3.758535036000 AA   12.198511896567   4.709987403023   7.102601847622 Bohr   0.0
[INPUT]181 C      6.620070397800  15.653904278800   6.167604666500 AA   12.510119977182  29.581591867089  11.655083664274 Bohr   0.0
[INPUT]182 C     -5.889543614100  16.918487745500   1.494641665700 AA  -11.129624429330  31.971308280805   2.824463402537 Bohr   0.0
[INPUT]183 C     -0.730326132700   5.452923013100   3.831257073300 AA   -1.380116372416  10.304531073097   7.240026581340 Bohr   0.0
[INPUT]184 C     17.596611988300   3.358749486200   5.514618334300 AA   33.252777378125   6.347116649942  10.421118333332 Bohr   0.0
[INPUT]185 C     10.246643575000  13.560101278700   0.841655333500 AA   19.363350052784  25.624877638107   1.590498071594 Bohr   0.0
[INPUT]186 C      5.087532920600   2.093980522600   3.178002926700 AA    9.614043869643   3.957049697888   6.005555154529 Bohr   0.0
[INPUT]187 C      5.458360567000  15.419400214200   1.398197553700 AA   10.314806560756  29.138443409898   2.642210444530 Bohr   0.0
[INPUT]188 C     -5.105518330600  16.029601594600   3.734675131500 AA   -9.648031368781  30.291556899685   7.057513162759 Bohr   0.0
[INPUT]189 C     -0.352540994900   6.576191689000   6.071024940800 AA   -0.666205928043  12.427201234851  11.472574433516 Bohr   0.0
[INPUT]190 C     16.434801358700   3.593292223600   3.274584868500 AA   31.057273479573   6.790338188133   6.188068573110 Bohr   0.0
[INPUT]191 C     10.624412013200  12.436779021000   5.611062446300 AA   20.077228939487  23.502106221426  10.603371291339 Bohr   0.0
[INPUT]192 C      5.871419560300   2.982786387000   0.938235059200 AA   11.095374931381   5.636649359511   1.773007302353 Bohr   0.0
[INPUT]193 C      6.815145377400  15.391946267900   0.666246500200 AA   12.878758262382  29.086562970352   1.259023416828 Bohr   0.0
[INPUT]194 C     -5.759875268200  17.218238266000   3.002565039700 AA  -10.884586768554  32.537754670246   5.674025596227 Bohr   0.0
[INPUT]195 C     -1.054846893700   5.415085776500   5.339175857200 AA   -1.993371732441  10.233029058613  10.089580100998 Bohr   0.0
[INPUT]196 C     17.791369380800   3.620920828100   4.006694960300 AA   33.620815510685   6.842548683842   7.571556139642 Bohr   0.0
[INPUT]197 C      9.922243792900  13.598062161200   6.343013499800 AA   18.750323309747  25.696613309479  11.986558319041 Bohr   0.0
[INPUT]198 C      5.217025293000   1.794018681200   1.670084142800 AA    9.858748988699   3.390203969821   3.156001634871 Bohr   0.0
[INPUT]199 C      3.058309187500  14.512548857600   1.408452862800 AA    5.779366768616  27.424742710234   2.661590170052 Bohr   0.0
[INPUT]200 C     -3.120361472700  14.404638553700   3.744946774500 AA   -5.896628593047  27.220821789844   7.076923754878 Bohr   0.0
[INPUT]201 C      0.062252263900   9.107863114200   6.081277745100 AA    0.117639729405  17.211366865866  11.491949425652 Bohr   0.0
[INPUT]202 C     14.034963656300   4.500006972600   3.264313225500 AA   26.522237478631   8.503780736847   6.168657980991 Bohr   0.0
[INPUT]203 C     11.039081390700   9.904847877800   5.600807137200 AA   20.860840495206  18.717449794521  10.583991565817 Bohr   0.0
[INPUT]204 C      7.856514699200   4.607843599100   0.927982254900 AA   14.846661075108   8.707562427129   1.753632310217 Bohr   0.0
[INPUT]205 N      4.308340564700  14.777448091700   6.320840633700 AA    8.141583718637  27.925329713290  11.944657674715 Bohr   0.0
[INPUT]206 N     -3.974685298800  15.354676468800   1.648040117700 AA   -7.511066646067  29.016133257336   3.114344464749 Bohr   0.0
[INPUT]207 N     -0.333374777900   7.892974913600   3.984384099400 AA   -0.629987027069  14.915560894767   7.529394722938 Bohr   0.0
[INPUT]208 N     15.284882538200   4.235159793500   5.361219882300 AA   28.884241843345   8.003292103485  10.131237271120 Bohr   0.0
[INPUT]209 N     10.643475168300  11.119856423000   0.688419366300 AA   20.113253081696  21.013483183956   1.300924061154 Bohr   0.0
[INPUT]210 N      7.002204175700   3.657776430100   3.024875900600 AA   13.232248160359   6.912195677778   5.716187012931 Bohr   0.0
[INPUT]211 N      3.007897441400  13.906431852800   2.783106098000 AA    5.684102375026  26.279347571720   5.259308300827 Bohr   0.0
[INPUT]212 N     -2.570365014000  14.664075467200   5.119599541400 AA   -4.857285916624  27.711086502961   9.674641000695 Bohr   0.0
[INPUT]213 N     -0.437453064100   9.454416840300   0.446688869000 AA   -0.826666483501  17.866258495643   0.844119625302 Bohr   0.0
[INPUT]214 N     13.984644384600   5.106036334400   1.889660458600 AA   26.427147836331   9.649010254094   3.570940735174 Bohr   0.0
[INPUT]215 N     10.539374539900   9.558131522700   4.226153902000 AA   19.916531404625  18.062250840475   7.986273435042 Bohr   0.0
[INPUT]216 N      8.406491693800   4.348362953700   6.562571131000 AA   15.885966969713   8.217215072698  12.401462110567 Bohr   0.0
[INPUT]217 C     10.701986997100  18.536385221000   3.504630000000 AA   20.223824413175  35.028691407125   6.622790867934 Bohr   0.0
[INPUT]218 O     10.701410748500  18.536629262100   2.331438141100 AA   20.222735461142  35.029152577968   4.405779563044 Bohr   0.0
[INPUT]219 O     10.702486467200  18.536008195600   4.677821858900 AA   20.224768274872  35.027978932377   8.839802172825 Bohr   0.0

nuclear repulsion = 1069.89892070784
number of shells = 555
number of NR pGTOs = 3195
number of NR cGTOs = 2013
basis = gth-dzvp
ecp = {}
CPU time:         4.07
lattice vectors  a1 [41.486423799, 0.000000000, 0.000000000]
                 a2 [-20.743211899, 35.928280170, 0.000000000]
                 a3 [0.000000000, 0.000000000, 13.245577958]
dimension = 3
low_dim_ft_type = None
Cell volume = 19743
exp_to_discard = 0.1
rcut = 22.07448407082675 (nimgs = [1 1 2])
precision = 1e-08
pseudo = gth-pbe
ke_cutoff = 2737.7070550336634
    = [979 979 313] mesh (299992033 PWs)


******** <class 'pyscf.pbc.scf.hf.RHF'> ********
method = RHF
initial guess = minao
damping factor = 0
level_shift factor = 0
DIIS = <class 'pyscf.scf.diis.CDIIS'>
diis_start_cycle = 1
diis_space = 10
diis_damp = 0
SCF conv_tol = 1e-07
SCF conv_tol_grad = None
SCF max_cycles = 100
direct_scf = True
direct_scf_tol = 1e-13
chkfile to save SCF result = calc/pbc_hf/c_MOF_CO2_free_gth-dzvp.chk
max_memory 100000 MB (current use 109 MB)
******** PBC SCF flags ********
kpt = [0. 0. 0.]
Exchange divergence treatment (exxdiv) = ewald
    madelung (= occupied orbital energy shift) = 0.05545506708896933
    Total energy shift due to Ewald probe charge = -1/2 * Nelec*madelung = -18.2447170723
DF object = <pyscf.pbc.df.df.GDF object at 0x7250d6443c90>
Set gradient conv threshold to 0.000316228
Initial guess from minao.


******** <class 'pyscf.pbc.df.rsdf_builder._RSNucBuilder'> ********
mesh = [69 69 23] (109503 PWs)
ke_cutoff = 13.257925556507836
omega = 0.4597224353632887
exclude_d_aux = False
exclude_dd_block = True
j2c_eig_always = False
has_long_range = True


******** <class 'pyscf.pbc.df.df.GDF'> ********
auxbasis = None
exp_to_discard = 0.1
_cderi_to_save = calc/pbc_hf/c_MOF_CO2_free_gth-dzvp_cderi.h5
len(kpts) = 1
ETB for O: l = 0, exps = 0.4272777264 * 2^n , n = 0..5
ETB for O: l = 1, exps = 0.4272777264 * 2^n , n = 0..5
ETB for O: l = 2, exps = 0.4272777264 * 2^n , n = 0..5
ETB for O: l = 3, exps = 1.0063042341002049 * 2^n , n = 0..2
ETB for O: l = 4, exps = 2.37 * 2^n , n = 0..0
ETB for Mg: l = 0, exps = 1.138126092 * 2^n , n = 0..5
ETB for Mg: l = 1, exps = 1.138126092 * 2^n , n = 0..5
ETB for Mg: l = 2, exps = 0.6524255960705404 * 2^n , n = 0..6
ETB for Mg: l = 3, exps = 0.6524255960705404 * 2^n , n = 0..3
ETB for Mg: l = 4, exps = 0.374 * 2^n , n = 0..0
ETB for N: l = 0, exps = 0.3256445704 * 2^n , n = 0..5
ETB for N: l = 1, exps = 0.3256445704 * 2^n , n = 0..5
ETB for N: l = 2, exps = 0.3256445704 * 2^n , n = 0..5
ETB for N: l = 3, exps = 0.7294540616334931 * 2^n , n = 0..2
ETB for N: l = 4, exps = 1.634 * 2^n , n = 0..0
ETB for C: l = 0, exps = 0.2375755314 * 2^n , n = 0..5
ETB for C: l = 1, exps = 0.2375755314 * 2^n , n = 0..5
ETB for C: l = 2, exps = 0.2375755314 * 2^n , n = 0..5
ETB for C: l = 3, exps = 0.51120747699931 * 2^n , n = 0..2
ETB for C: l = 4, exps = 1.1 * 2^n , n = 0..0
ETB for H: l = 0, exps = 0.3316473864 * 2^n , n = 0..5
ETB for H: l = 1, exps = 0.6944172375636999 * 2^n , n = 0..3
ETB for H: l = 2, exps = 1.454 * 2^n , n = 0..0

WARN: Even tempered Gaussians are generated as DF auxbasis for  C O N H Mg

Drop 0 primitive fitting functions
make aux basis, num shells = 3708, num cGTOs = 12246
auxcell.rcut 13.579969116844692


******** <class 'pyscf.pbc.df.rsdf_builder._RSGDFBuilder'> ********
mesh = [31 31 11] (10571 PWs)
ke_cutoff = 2.580478590150746
omega = 0.2028041693659183
exclude_d_aux = True
exclude_dd_block = True
j2c_eig_always = False
has_long_range = True
init E= -1307.3811559368
  HOMO = -0.0406748342278416  LUMO = 0.119764495844005  gap/eV = 4.36578
cycle= 1 E= -1302.3321887365  delta_E= 5.05  |g|= 3.02  |ddm|=  176
  HOMO = -0.0688462133968303  LUMO = 0.232620326101022  gap/eV = 8.20332
cycle= 2 E= -1303.86388105991  delta_E= -1.53  |g|= 1.64  |ddm|= 11.4
  HOMO = -0.0905518474056154  LUMO = 0.25047373387688  gap/eV = 9.27978
cycle= 3 E= -1304.41036752932  delta_E= -0.546  |g|= 0.435  |ddm|=  4.9
  HOMO = -0.0994729998913927  LUMO = 0.247909906633191  gap/eV = 9.45277
cycle= 4 E= -1304.45841679042  delta_E= -0.048  |g|= 0.0958  |ddm|= 1.38
  HOMO = -0.0968112245623693  LUMO = 0.250298396469182  gap/eV = 9.44533
cycle= 5 E= -1304.46117886683  delta_E= -0.00276  |g|= 0.0365  |ddm|= 0.414
  HOMO = -0.0971674987601265  LUMO = 0.250803792286867  gap/eV = 9.46878
cycle= 6 E= -1304.46164723679  delta_E= -0.000468  |g|= 0.0117  |ddm|= 0.142
  HOMO = -0.0974713539116952  LUMO = 0.250652107776192  gap/eV = 9.47292
cycle= 7 E= -1304.46171484678  delta_E= -6.76e-05  |g|= 0.0049  |ddm|= 0.0451
  HOMO = -0.0975580368296915  LUMO = 0.250754497308873  gap/eV = 9.47807
cycle= 8 E= -1304.46173275692  delta_E= -1.79e-05  |g|= 0.00194  |ddm|= 0.0274
  HOMO = -0.0975201778083244  LUMO = 0.250809475626035  gap/eV = 9.47853
cycle= 9 E= -1304.46173633779  delta_E= -3.58e-06  |g|= 0.000827  |ddm|= 0.0109
  HOMO = -0.0975335235907506  LUMO = 0.250821882560366  gap/eV = 9.47923
cycle= 10 E= -1304.4617372712  delta_E= -9.33e-07  |g|= 0.000383  |ddm|= 0.00554
  HOMO = -0.0975293710866099  LUMO = 0.250821852845638  gap/eV = 9.47912
cycle= 11 E= -1304.46173746428  delta_E= -1.93e-07  |g|= 0.000162  |ddm|= 0.00259
  HOMO = -0.0975254781839618  LUMO = 0.250822675346507  gap/eV = 9.47904
cycle= 12 E= -1304.46173749551  delta_E= -3.12e-08  |g|= 5.93e-05  |ddm|= 0.0012
  HOMO = -0.0975250300620325  LUMO = 0.250822577864209  gap/eV = 9.47902
Extra cycle  E= -1304.46173749792  delta_E= -2.41e-09  |g|= 3.62e-05  |ddm|= 0.000285
converged SCF energy = -1304.46173749792
